Component: ARM Compiler 5.05 update 1 (build 106) Tool: armlink [4d0efa]

==============================================================================

Section Cross References

    main.o(i.main) refers to systick.o(i.SysTick_Init) for SysTick_Init
    main.o(i.main) refers to misc.o(i.NVIC_PriorityGroupConfig) for NVIC_PriorityGroupConfig
    main.o(i.main) refers to usart.o(i.USART1_Init) for USART1_Init
    main.o(i.main) refers to usart.o(i.USART2_Init) for USART2_Init
    main.o(i.main) refers to esp8266.o(i.esp8266_start_post) for esp8266_start_post
    main.o(i.main) refers to usart.o(i.Usart_SendArray) for Usart_SendArray
    main.o(i.main) refers to systick.o(i.delay_ms) for delay_ms
    main.o(i.main) refers to memcmp.o(.text) for memcmp
    main.o(i.main) refers to esp8266.o(i.esp8266_post_1) for esp8266_post_1
    main.o(i.main) refers to memseta.o(.text) for __aeabi_memclr
    main.o(i.main) refers to esp8266.o(i.esp8266_post_2) for esp8266_post_2
    main.o(i.main) refers to esp8266.o(i.esp8266_post_3) for esp8266_post_3
    main.o(i.main) refers to esp8266.o(i.esp8266_post_4) for esp8266_post_4
    main.o(i.main) refers to esp8266.o(i.esp8266_post_5) for esp8266_post_5
    main.o(i.main) refers to esp8266.o(i.esp8266_post_6) for esp8266_post_6
    main.o(i.main) refers to esp8266.o(i.esp8266_post_7) for esp8266_post_7
    main.o(i.main) refers to esp8266.o(i.esp8266_post_8) for esp8266_post_8
    main.o(i.main) refers to esp8266.o(i.esp8266_post_9) for esp8266_post_9
    main.o(i.main) refers to esp8266.o(i.esp8266_post_10) for esp8266_post_10
    main.o(i.main) refers to esp8266.o(i.esp8266_post_11) for esp8266_post_11
    main.o(i.main) refers to esp8266.o(i.esp8266_post_12) for esp8266_post_12
    main.o(i.main) refers to esp8266.o(i.esp8266_post_13) for esp8266_post_13
    main.o(i.main) refers to esp8266.o(i.esp8266_post_14) for esp8266_post_14
    main.o(i.main) refers to esp8266.o(i.esp8266_post_15) for esp8266_post_15
    main.o(i.main) refers to esp8266.o(i.esp8266_post_16) for esp8266_post_16
    main.o(i.main) refers to esp8266.o(i.esp8266_post_17) for esp8266_post_17
    main.o(i.main) refers to esp8266.o(i.esp8266_post_18) for esp8266_post_18
    main.o(i.main) refers to esp8266.o(i.esp8266_post_19) for esp8266_post_19
    main.o(i.main) refers to esp8266.o(i.esp8266_post_20) for esp8266_post_20
    main.o(i.main) refers to esp8266.o(i.esp8266_post_21) for esp8266_post_21
    main.o(i.main) refers to esp8266.o(i.esp8266_post_22) for esp8266_post_22
    main.o(i.main) refers to main.o(.data) for data_ready_to_send
    main.o(i.main) refers to main.o(.bss) for USART2_RX_BUF
    startup_stm32f10x_ld.o(RESET) refers to startup_stm32f10x_ld.o(STACK) for __initial_sp
    startup_stm32f10x_ld.o(RESET) refers to startup_stm32f10x_ld.o(.text) for Reset_Handler
    startup_stm32f10x_ld.o(RESET) refers to stm32f10x_it.o(i.NMI_Handler) for NMI_Handler
    startup_stm32f10x_ld.o(RESET) refers to stm32f10x_it.o(i.HardFault_Handler) for HardFault_Handler
    startup_stm32f10x_ld.o(RESET) refers to stm32f10x_it.o(i.MemManage_Handler) for MemManage_Handler
    startup_stm32f10x_ld.o(RESET) refers to stm32f10x_it.o(i.BusFault_Handler) for BusFault_Handler
    startup_stm32f10x_ld.o(RESET) refers to stm32f10x_it.o(i.UsageFault_Handler) for UsageFault_Handler
    startup_stm32f10x_ld.o(RESET) refers to stm32f10x_it.o(i.SVC_Handler) for SVC_Handler
    startup_stm32f10x_ld.o(RESET) refers to stm32f10x_it.o(i.DebugMon_Handler) for DebugMon_Handler
    startup_stm32f10x_ld.o(RESET) refers to stm32f10x_it.o(i.PendSV_Handler) for PendSV_Handler
    startup_stm32f10x_ld.o(RESET) refers to stm32f10x_it.o(i.SysTick_Handler) for SysTick_Handler
    startup_stm32f10x_ld.o(RESET) refers to usart.o(i.USART1_IRQHandler) for USART1_IRQHandler
    startup_stm32f10x_ld.o(RESET) refers to usart.o(i.USART2_IRQHandler) for USART2_IRQHandler
    startup_stm32f10x_ld.o(.text) refers to system_stm32f10x.o(i.SystemInit) for SystemInit
    startup_stm32f10x_ld.o(.text) refers to entry.o(.ARM.Collect$$$$00000000) for __main
    stm32f10x_gpio.o(i.GPIO_AFIODeInit) refers to stm32f10x_rcc.o(i.RCC_APB2PeriphResetCmd) for RCC_APB2PeriphResetCmd
    stm32f10x_gpio.o(i.GPIO_DeInit) refers to stm32f10x_rcc.o(i.RCC_APB2PeriphResetCmd) for RCC_APB2PeriphResetCmd
    stm32f10x_rcc.o(i.RCC_GetClocksFreq) refers to stm32f10x_rcc.o(.data) for APBAHBPrescTable
    stm32f10x_rcc.o(i.RCC_WaitForHSEStartUp) refers to stm32f10x_rcc.o(i.RCC_GetFlagStatus) for RCC_GetFlagStatus
    stm32f10x_tim.o(i.TIM_DeInit) refers to stm32f10x_rcc.o(i.RCC_APB2PeriphResetCmd) for RCC_APB2PeriphResetCmd
    stm32f10x_tim.o(i.TIM_DeInit) refers to stm32f10x_rcc.o(i.RCC_APB1PeriphResetCmd) for RCC_APB1PeriphResetCmd
    stm32f10x_tim.o(i.TIM_ETRClockMode1Config) refers to stm32f10x_tim.o(i.TIM_ETRConfig) for TIM_ETRConfig
    stm32f10x_tim.o(i.TIM_ETRClockMode2Config) refers to stm32f10x_tim.o(i.TIM_ETRConfig) for TIM_ETRConfig
[...]
    stm32f10x_tim.o(i.TIM_TIxExternalClockConfig) refers to stm32f10x_tim.o(i.TI1_Config) for TI1_Config
    stm32f10x_tim.o(i.TIM_TIxExternalClockConfig) refers to stm32f10x_tim.o(i.TIM_SelectInputTrigger) for TIM_SelectInputTrigger
    stm32f10x_usart.o(i.USART_DeInit) refers to stm32f10x_rcc.o(i.RCC_APB2PeriphResetCmd) for RCC_APB2PeriphResetCmd
    stm32f10x_usart.o(i.USART_DeInit) refers to stm32f10x_rcc.o(i.RCC_APB1PeriphResetCmd) for RCC_APB1PeriphResetCmd
    stm32f10x_usart.o(i.USART_Init) refers to stm32f10x_rcc.o(i.RCC_GetClocksFreq) for RCC_GetClocksFreq
    system_stm32f10x.o(i.SetSysClock) refers to system_stm32f10x.o(i.SetSysClockTo72) for SetSysClockTo72
    system_stm32f10x.o(i.SystemCoreClockUpdate) refers to system_stm32f10x.o(.data) for SystemCoreClock
    system_stm32f10x.o(i.SystemInit) refers to system_stm32f10x.o(i.SetSysClock) for SetSysClock
    esp8266.o(i.esp8266_check_cmd) refers to printf2.o(i.__0printf$2) for __2printf
    esp8266.o(i.esp8266_check_cmd) refers to strstr.o(.text) for strstr
    esp8266.o(i.esp8266_check_cmd) refers to usart.o(.bss) for USART_RX_BUF
    esp8266.o(i.esp8266_post_1) refers to printf2.o(i.__0printf$2) for __2printf
    esp8266.o(i.esp8266_post_1) refers to memseta.o(.text) for __aeabi_memclr
    esp8266.o(i.esp8266_post_1) refers to esp8266.o(.conststring) for .conststring
    esp8266.o(i.esp8266_post_1) refers to usart.o(.bss) for USART_RX_BUF
    esp8266.o(i.esp8266_post_10) refers to printf2.o(i.__0printf$2) for __2printf
    esp8266.o(i.esp8266_post_10) refers to memseta.o(.text) for __aeabi_memclr
    esp8266.o(i.esp8266_post_10) refers to esp8266.o(.conststring) for .conststring
    esp8266.o(i.esp8266_post_10) refers to usart.o(.bss) for USART_RX_BUF
    esp8266.o(i.esp8266_post_11) refers to printf2.o(i.__0printf$2) for __2printf
    esp8266.o(i.esp8266_post_11) refers to memseta.o(.text) for __aeabi_memclr
    esp8266.o(i.esp8266_post_11) refers to esp8266.o(.conststring) for .conststring
    esp8266.o(i.esp8266_post_11) refers to usart.o(.bss) for USART_RX_BUF
    esp8266.o(i.esp8266_post_12) refers to printf2.o(i.__0printf$2) for __2printf
    esp8266.o(i.esp8266_post_12) refers to memseta.o(.text) for __aeabi_memclr
    esp8266.o(i.esp8266_post_12) refers to esp8266.o(.conststring) for .conststring
    esp8266.o(i.esp8266_post_12) refers to usart.o(.bss) for USART_RX_BUF
    esp8266.o(i.esp8266_post_13) refers to printf2.o(i.__0printf$2) for __2printf
    esp8266.o(i.esp8266_post_13) refers to memseta.o(.text) for __aeabi_memclr
    esp8266.o(i.esp8266_post_13) refers to esp8266.o(.conststring) for .conststring
    esp8266.o(i.esp8266_post_13) refers to usart.o(.bss) for USART_RX_BUF
    esp8266.o(i.esp8266_post_14) refers to printf2.o(i.__0printf$2) for __2printf
    esp8266.o(i.esp8266_post_14) refers to memseta.o(.text) for __aeabi_memclr
    esp8266.o(i.esp8266_post_14) refers to esp8266.o(.conststring) for .conststring
    esp8266.o(i.esp8266_post_14) refers to usart.o(.bss) for USART_RX_BUF
    esp8266.o(i.esp8266_post_15) refers to printf2.o(i.__0printf$2) for __2printf
    esp8266.o(i.esp8266_post_15) refers to memseta.o(.text) for __aeabi_memclr
    esp8266.o(i.esp8266_post_15) refers to esp8266.o(.conststring) for .conststring
    esp8266.o(i.esp8266_post_15) refers to usart.o(.bss) for USART_RX_BUF
    esp8266.o(i.esp8266_post_16) refers to printf2.o(i.__0printf$2) for __2printf
    esp8266.o(i.esp8266_post_16) refers to memseta.o(.text) for __aeabi_memclr
    esp8266.o(i.esp8266_post_16) refers to esp8266.o(.conststring) for .conststring
    esp8266.o(i.esp8266_post_16) refers to usart.o(.bss) for USART_RX_BUF
    esp8266.o(i.esp8266_post_17) refers to printf2.o(i.__0printf$2) for __2printf
    esp8266.o(i.esp8266_post_17) refers to memseta.o(.text) for __aeabi_memclr
    esp8266.o(i.esp8266_post_17) refers to esp8266.o(.conststring) for .conststring
    esp8266.o(i.esp8266_post_17) refers to usart.o(.bss) for USART_RX_BUF
    esp8266.o(i.esp8266_post_18) refers to printf2.o(i.__0printf$2) for __2printf
    esp8266.o(i.esp8266_post_18) refers to memseta.o(.text) for __aeabi_memclr
    esp8266.o(i.esp8266_post_18) refers to esp8266.o(.conststring) for .conststring
    esp8266.o(i.esp8266_post_18) refers to usart.o(.bss) for USART_RX_BUF
    esp8266.o(i.esp8266_post_19) refers to printf2.o(i.__0printf$2) for __2printf
    esp8266.o(i.esp8266_post_19) refers to memseta.o(.text) for __aeabi_memclr
    esp8266.o(i.esp8266_post_19) refers to esp8266.o(.conststring) for .conststring
    esp8266.o(i.esp8266_post_19) refers to usart.o(.bss) for USART_RX_BUF
    esp8266.o(i.esp8266_post_2) refers to printf2.o(i.__0printf$2) for __2printf
    esp8266.o(i.esp8266_post_2) refers to memseta.o(.text) for __aeabi_memclr
    esp8266.o(i.esp8266_post_2) refers to esp8266.o(.conststring) for .conststring
    esp8266.o(i.esp8266_post_2) refers to usart.o(.bss) for USART_RX_BUF
    esp8266.o(i.esp8266_post_20) refers to printf2.o(i.__0printf$2) for __2printf
    esp8266.o(i.esp8266_post_20) refers to memseta.o(.text) for __aeabi_memclr
    esp8266.o(i.esp8266_post_20) refers to esp8266.o(.conststring) for .conststring
    esp8266.o(i.esp8266_post_20) refers to usart.o(.bss) for USART_RX_BUF
    esp8266.o(i.esp8266_post_21) refers to printf2.o(i.__0printf$2) for __2printf
    esp8266.o(i.esp8266_post_21) refers to memseta.o(.text) for __aeabi_memclr
    esp8266.o(i.esp8266_post_21) refers to esp8266.o(.conststring) for .conststring
    esp8266.o(i.esp8266_post_21) refers to usart.o(.bss) for USART_RX_BUF
    esp8266.o(i.esp8266_post_22) refers to printf2.o(i.__0printf$2) for __2printf
    esp8266.o(i.esp8266_post_22) refers to memseta.o(.text) for __aeabi_memclr
    esp8266.o(i.esp8266_post_22) refers to esp8266.o(.conststring) for .conststring
    esp8266.o(i.esp8266_post_22) refers to usart.o(.bss) for USART_RX_BUF
    esp8266.o(i.esp8266_post_3) refers to printf2.o(i.__0printf$2) for __2printf
    esp8266.o(i.esp8266_post_3) refers to memseta.o(.text) for __aeabi_memclr
    esp8266.o(i.esp8266_post_3) refers to esp8266.o(.conststring) for .conststring
    esp8266.o(i.esp8266_post_3) refers to usart.o(.bss) for USART_RX_BUF
    esp8266.o(i.esp8266_post_4) refers to printf2.o(i.__0printf$2) for __2printf
    esp8266.o(i.esp8266_post_4) refers to memseta.o(.text) for __aeabi_memclr
    esp8266.o(i.esp8266_post_4) refers to esp8266.o(.conststring) for .conststring
    esp8266.o(i.esp8266_post_4) refers to usart.o(.bss) for USART_RX_BUF
    esp8266.o(i.esp8266_post_5) refers to printf2.o(i.__0printf$2) for __2printf
    esp8266.o(i.esp8266_post_5) refers to memseta.o(.text) for __aeabi_memclr
    esp8266.o(i.esp8266_post_5) refers to esp8266.o(.conststring) for .conststring
    esp8266.o(i.esp8266_post_5) refers to usart.o(.bss) for USART_RX_BUF
    esp8266.o(i.esp8266_post_6) refers to printf2.o(i.__0printf$2) for __2printf
    esp8266.o(i.esp8266_post_6) refers to memseta.o(.text) for __aeabi_memclr
    esp8266.o(i.esp8266_post_6) refers to esp8266.o(.conststring) for .conststring
    esp8266.o(i.esp8266_post_6) refers to usart.o(.bss) for USART_RX_BUF
    esp8266.o(i.esp8266_post_7) refers to printf2.o(i.__0printf$2) for __2printf
    esp8266.o(i.esp8266_post_7) refers to memseta.o(.text) for __aeabi_memclr
    esp8266.o(i.esp8266_post_7) refers to esp8266.o(.conststring) for .conststring
    esp8266.o(i.esp8266_post_7) refers to usart.o(.bss) for USART_RX_BUF
    esp8266.o(i.esp8266_post_8) refers to printf2.o(i.__0printf$2) for __2printf
    esp8266.o(i.esp8266_post_8) refers to memseta.o(.text) for __aeabi_memclr
    esp8266.o(i.esp8266_post_8) refers to esp8266.o(.conststring) for .conststring
    esp8266.o(i.esp8266_post_8) refers to usart.o(.bss) for USART_RX_BUF
    esp8266.o(i.esp8266_post_9) refers to printf2.o(i.__0printf$2) for __2printf
    esp8266.o(i.esp8266_post_9) refers to memseta.o(.text) for __aeabi_memclr
    esp8266.o(i.esp8266_post_9) refers to esp8266.o(.conststring) for .conststring
    esp8266.o(i.esp8266_post_9) refers to usart.o(.bss) for USART_RX_BUF
    esp8266.o(i.esp8266_send_cmd) refers to systick.o(i.delay_ms) for delay_ms
    esp8266.o(i.esp8266_send_cmd) refers to esp8266.o(i.esp8266_check_cmd) for esp8266_check_cmd
    esp8266.o(i.esp8266_send_cmd) refers to memseta.o(.text) for __aeabi_memclr
    esp8266.o(i.esp8266_send_cmd) refers to usart.o(.data) for USART_RX_STA
    esp8266.o(i.esp8266_send_cmd) refers to usart.o(.bss) for USART_RX_BUF
    esp8266.o(i.esp8266_start_post) refers to printf2.o(i.__0printf$2) for __2printf
    esp8266.o(i.esp8266_start_post) refers to systick.o(i.delay_ms) for delay_ms
    esp8266.o(i.esp8266_start_post) refers to esp8266.o(.conststring) for .conststring
    esp8266.o(i.esp8266_start_trans) refers to printf2.o(i.__0printf$2) for __2printf
    esp8266.o(i.esp8266_start_trans) refers to systick.o(i.delay_ms) for delay_ms
    systick.o(i.SysTick_Init) refers to misc.o(i.SysTick_CLKSourceConfig) for SysTick_CLKSourceConfig
    systick.o(i.SysTick_Init) refers to systick.o(.data) for fac_us
    systick.o(i.delay_ms) refers to systick.o(.data) for fac_ms
    systick.o(i.delay_us) refers to systick.o(.data) for fac_us
    usart.o(i.Serial_GetRxFlag) refers to usart.o(.data) for USART2_RX_FLAG
    usart.o(i.USART1_IRQHandler) refers to stm32f10x_usart.o(i.USART_GetITStatus) for USART_GetITStatus
    usart.o(i.USART1_IRQHandler) refers to stm32f10x_usart.o(i.USART_ReceiveData) for USART_ReceiveData
    usart.o(i.USART1_IRQHandler) refers to usart.o(.data) for USART_RX_STA
    usart.o(i.USART1_IRQHandler) refers to usart.o(.bss) for USART_RX_BUF
    usart.o(i.USART1_Init) refers to stm32f10x_rcc.o(i.RCC_APB2PeriphClockCmd) for RCC_APB2PeriphClockCmd
    usart.o(i.USART1_Init) refers to stm32f10x_gpio.o(i.GPIO_Init) for GPIO_Init
    usart.o(i.USART1_Init) refers to stm32f10x_usart.o(i.USART_Init) for USART_Init
    usart.o(i.USART1_Init) refers to stm32f10x_usart.o(i.USART_Cmd) for USART_Cmd
    usart.o(i.USART1_Init) refers to stm32f10x_usart.o(i.USART_ClearFlag) for USART_ClearFlag
    usart.o(i.USART1_Init) refers to stm32f10x_usart.o(i.USART_ITConfig) for USART_ITConfig
    usart.o(i.USART1_Init) refers to misc.o(i.NVIC_Init) for NVIC_Init
    usart.o(i.USART2_IRQHandler) refers to stm32f10x_usart.o(i.USART_GetITStatus) for USART_GetITStatus
    usart.o(i.USART2_IRQHandler) refers to stm32f10x_usart.o(i.USART_ReceiveData) for USART_ReceiveData
    usart.o(i.USART2_IRQHandler) refers to stm32f10x_usart.o(i.USART_ClearITPendingBit) for USART_ClearITPendingBit
    usart.o(i.USART2_IRQHandler) refers to usart.o(i.Usart_SendArray) for Usart_SendArray
    usart.o(i.USART2_IRQHandler) refers to systick.o(i.delay_ms) for delay_ms
    usart.o(i.USART2_IRQHandler) refers to usart.o(.data) for Rxstate
    usart.o(i.USART2_IRQHandler) refers to main.o(.bss) for USART2_RX_BUF
    usart.o(i.USART2_Init) refers to stm32f10x_rcc.o(i.RCC_APB2PeriphClockCmd) for RCC_APB2PeriphClockCmd
    usart.o(i.USART2_Init) refers to stm32f10x_rcc.o(i.RCC_APB1PeriphClockCmd) for RCC_APB1PeriphClockCmd
    usart.o(i.USART2_Init) refers to stm32f10x_gpio.o(i.GPIO_Init) for GPIO_Init
    usart.o(i.USART2_Init) refers to stm32f10x_usart.o(i.USART_Init) for USART_Init
    usart.o(i.USART2_Init) refers to stm32f10x_usart.o(i.USART_Cmd) for USART_Cmd
    usart.o(i.USART2_Init) refers to stm32f10x_usart.o(i.USART_ClearFlag) for USART_ClearFlag
    usart.o(i.USART2_Init) refers to stm32f10x_usart.o(i.USART_ITConfig) for USART_ITConfig
    usart.o(i.USART2_Init) refers to misc.o(i.NVIC_Init) for NVIC_Init
    usart.o(i.Usart_SendArray) refers to usart.o(i.Usart_SendByte) for Usart_SendByte
    usart.o(i.Usart_SendByte) refers to stm32f10x_usart.o(i.USART_SendData) for USART_SendData
    usart.o(i.Usart_SendByte) refers to stm32f10x_usart.o(i.USART_GetFlagStatus) for USART_GetFlagStatus
    usart.o(i.fputc) refers to stm32f10x_usart.o(i.USART_SendData) for USART_SendData
    usart.o(i.fputc) refers to stm32f10x_usart.o(i.USART_GetFlagStatus) for USART_GetFlagStatus
    entry.o(.ARM.Collect$$$$00000000) refers (Special) to entry10a.o(.ARM.Collect$$$$0000000D) for __rt_final_cpp
    entry.o(.ARM.Collect$$$$00000000) refers (Special) to entry11a.o(.ARM.Collect$$$$0000000F) for __rt_final_exit
    entry.o(.ARM.Collect$$$$00000000) refers (Special) to entry7b.o(.ARM.Collect$$$$00000008) for _main_clock
    entry.o(.ARM.Collect$$$$00000000) refers (Special) to entry8b.o(.ARM.Collect$$$$0000000A) for _main_cpp_init
    entry.o(.ARM.Collect$$$$00000000) refers (Special) to entry9a.o(.ARM.Collect$$$$0000000B) for _main_init
    entry.o(.ARM.Collect$$$$00000000) refers (Special) to entry5.o(.ARM.Collect$$$$00000004) for _main_scatterload
    entry.o(.ARM.Collect$$$$00000000) refers (Special) to entry2.o(.ARM.Collect$$$$00000001) for _main_stk
    printfb.o(i.__0fprintf$bare) refers to printfb.o(i._printf_core) for _printf_core
    printfb.o(i.__0fprintf$bare) refers to usart.o(i.fputc) for fputc
    printfb.o(i.__0printf$bare) refers to printfb.o(i._printf_core) for _printf_core
    printfb.o(i.__0printf$bare) refers to usart.o(i.fputc) for fputc
    printfb.o(i.__0printf$bare) refers to stdout.o(.data) for __stdout
    printfb.o(i.__0snprintf$bare) refers to printfb.o(i._printf_core) for _printf_core
    printfb.o(i.__0snprintf$bare) refers to printfb.o(i._snputc) for _snputc
    printfb.o(i.__0sprintf$bare) refers to printfb.o(i._printf_core) for _printf_core
    printfb.o(i.__0sprintf$bare) refers to printfb.o(i._sputc) for _sputc
    printfb.o(i.__0vfprintf$bare) refers to printfb.o(i._printf_core) for _printf_core
    printfb.o(i.__0vfprintf$bare) refers to usart.o(i.fputc) for fputc
    printfb.o(i.__0vprintf$bare) refers to printfb.o(i._printf_core) for _printf_core
    printfb.o(i.__0vprintf$bare) refers to usart.o(i.fputc) for fputc
    printfb.o(i.__0vprintf$bare) refers to stdout.o(.data) for __stdout
    printfb.o(i.__0vsnprintf$bare) refers to printfb.o(i._printf_core) for _printf_core
    printfb.o(i.__0vsnprintf$bare) refers to printfb.o(i._snputc) for _snputc
    printfb.o(i.__0vsprintf$bare) refers to printfb.o(i._printf_core) for _printf_core
    printfb.o(i.__0vsprintf$bare) refers to printfb.o(i._sputc) for _sputc
    printf0.o(i.__0fprintf$0) refers to printf0.o(i._printf_core) for _printf_core
    printf0.o(i.__0fprintf$0) refers to usart.o(i.fputc) for fputc
    printf0.o(i.__0printf$0) refers to printf0.o(i._printf_core) for _printf_core
    printf0.o(i.__0printf$0) refers to usart.o(i.fputc) for fputc
    printf0.o(i.__0printf$0) refers to stdout.o(.data) for __stdout
    printf0.o(i.__0snprintf$0) refers to printf0.o(i._printf_core) for _printf_core
    printf0.o(i.__0snprintf$0) refers to printf0.o(i._snputc) for _snputc
    printf0.o(i.__0sprintf$0) refers to printf0.o(i._printf_core) for _printf_core
    printf0.o(i.__0sprintf$0) refers to printf0.o(i._sputc) for _sputc
    printf0.o(i.__0vfprintf$0) refers to printf0.o(i._printf_core) for _printf_core
    printf0.o(i.__0vfprintf$0) refers to usart.o(i.fputc) for fputc
    printf0.o(i.__0vprintf$0) refers to printf0.o(i._printf_core) for _printf_core
    printf0.o(i.__0vprintf$0) refers to usart.o(i.fputc) for fputc
    printf0.o(i.__0vprintf$0) refers to stdout.o(.data) for __stdout
    printf0.o(i.__0vsnprintf$0) refers to printf0.o(i._printf_core) for _printf_core
    printf0.o(i.__0vsnprintf$0) refers to printf0.o(i._snputc) for _snputc
    printf0.o(i.__0vsprintf$0) refers to printf0.o(i._printf_core) for _printf_core
    printf0.o(i.__0vsprintf$0) refers to printf0.o(i._sputc) for _sputc
    printf1.o(i.__0fprintf$1) refers to printf1.o(i._printf_core) for _printf_core
    printf1.o(i.__0fprintf$1) refers to usart.o(i.fputc) for fputc
    printf1.o(i.__0printf$1) refers to printf1.o(i._printf_core) for _printf_core
    printf1.o(i.__0printf$1) refers to usart.o(i.fputc) for fputc
    printf1.o(i.__0printf$1) refers to stdout.o(.data) for __stdout
    printf1.o(i.__0snprintf$1) refers to printf1.o(i._printf_core) for _printf_core
    printf1.o(i.__0snprintf$1) refers to printf1.o(i._snputc) for _snputc
    printf1.o(i.__0sprintf$1) refers to printf1.o(i._printf_core) for _printf_core
    printf1.o(i.__0sprintf$1) refers to printf1.o(i._sputc) for _sputc
    printf1.o(i.__0vfprintf$1) refers to printf1.o(i._printf_core) for _printf_core
    printf1.o(i.__0vfprintf$1) refers to usart.o(i.fputc) for fputc
    printf1.o(i.__0vprintf$1) refers to printf1.o(i._printf_core) for _printf_core
    printf1.o(i.__0vprintf$1) refers to usart.o(i.fputc) for fputc
    printf1.o(i.__0vprintf$1) refers to stdout.o(.data) for __stdout
    printf1.o(i.__0vsnprintf$1) refers to printf1.o(i._printf_core) for _printf_core
    printf1.o(i.__0vsnprintf$1) refers to printf1.o(i._snputc) for _snputc
    printf1.o(i.__0vsprintf$1) refers to printf1.o(i._printf_core) for _printf_core
    printf1.o(i.__0vsprintf$1) refers to printf1.o(i._sputc) for _sputc
    printf1.o(i._printf_core) refers to uidiv.o(.text) for __aeabi_uidivmod
    printf2.o(i.__0fprintf$2) refers to printf2.o(i._printf_core) for _printf_core
    printf2.o(i.__0fprintf$2) refers to usart.o(i.fputc) for fputc
    printf2.o(i.__0printf$2) refers to printf2.o(i._printf_core) for _printf_core
    printf2.o(i.__0printf$2) refers to usart.o(i.fputc) for fputc
    printf2.o(i.__0printf$2) refers to stdout.o(.data) for __stdout
    printf2.o(i.__0snprintf$2) refers to printf2.o(i._printf_core) for _printf_core
    printf2.o(i.__0snprintf$2) refers to printf2.o(i._snputc) for _snputc
    printf2.o(i.__0sprintf$2) refers to printf2.o(i._printf_core) for _printf_core
    printf2.o(i.__0sprintf$2) refers to printf2.o(i._sputc) for _sputc
    printf2.o(i.__0vfprintf$2) refers to printf2.o(i._printf_core) for _printf_core
    printf2.o(i.__0vfprintf$2) refers to usart.o(i.fputc) for fputc
    printf2.o(i.__0vprintf$2) refers to printf2.o(i._printf_core) for _printf_core
    printf2.o(i.__0vprintf$2) refers to usart.o(i.fputc) for fputc
    printf2.o(i.__0vprintf$2) refers to stdout.o(.data) for __stdout
    printf2.o(i.__0vsnprintf$2) refers to printf2.o(i._printf_core) for _printf_core
    printf2.o(i.__0vsnprintf$2) refers to printf2.o(i._snputc) for _snputc
    printf2.o(i.__0vsprintf$2) refers to printf2.o(i._printf_core) for _printf_core
    printf2.o(i.__0vsprintf$2) refers to printf2.o(i._sputc) for _sputc
    printf3.o(i.__0fprintf$3) refers to printf3.o(i._printf_core) for _printf_core
    printf3.o(i.__0fprintf$3) refers to usart.o(i.fputc) for fputc
    printf3.o(i.__0printf$3) refers to printf3.o(i._printf_core) for _printf_core
    printf3.o(i.__0printf$3) refers to usart.o(i.fputc) for fputc
    printf3.o(i.__0printf$3) refers to stdout.o(.data) for __stdout
    printf3.o(i.__0snprintf$3) refers to printf3.o(i._printf_core) for _printf_core
    printf3.o(i.__0snprintf$3) refers to printf3.o(i._snputc) for _snputc
    printf3.o(i.__0sprintf$3) refers to printf3.o(i._printf_core) for _printf_core
    printf3.o(i.__0sprintf$3) refers to printf3.o(i._sputc) for _sputc
    printf3.o(i.__0vfprintf$3) refers to printf3.o(i._printf_core) for _printf_core
    printf3.o(i.__0vfprintf$3) refers to usart.o(i.fputc) for fputc
    printf3.o(i.__0vprintf$3) refers to printf3.o(i._printf_core) for _printf_core
    printf3.o(i.__0vprintf$3) refers to usart.o(i.fputc) for fputc
    printf3.o(i.__0vprintf$3) refers to stdout.o(.data) for __stdout
    printf3.o(i.__0vsnprintf$3) refers to printf3.o(i._printf_core) for _printf_core
    printf3.o(i.__0vsnprintf$3) refers to printf3.o(i._snputc) for _snputc
    printf3.o(i.__0vsprintf$3) refers to printf3.o(i._printf_core) for _printf_core
    printf3.o(i.__0vsprintf$3) refers to printf3.o(i._sputc) for _sputc
    printf3.o(i._printf_core) refers to uidiv.o(.text) for __aeabi_uidivmod
    printf4.o(i.__0fprintf$4) refers to printf4.o(i._printf_core) for _printf_core
    printf4.o(i.__0fprintf$4) refers to usart.o(i.fputc) for fputc
    printf4.o(i.__0printf$4) refers to printf4.o(i._printf_core) for _printf_core
    printf4.o(i.__0printf$4) refers to usart.o(i.fputc) for fputc
    printf4.o(i.__0printf$4) refers to stdout.o(.data) for __stdout
    printf4.o(i.__0snprintf$4) refers to printf4.o(i._printf_core) for _printf_core
    printf4.o(i.__0snprintf$4) refers to printf4.o(i._snputc) for _snputc
    printf4.o(i.__0sprintf$4) refers to printf4.o(i._printf_core) for _printf_core
    printf4.o(i.__0sprintf$4) refers to printf4.o(i._sputc) for _sputc
    printf4.o(i.__0vfprintf$4) refers to printf4.o(i._printf_core) for _printf_core
    printf4.o(i.__0vfprintf$4) refers to usart.o(i.fputc) for fputc
    printf4.o(i.__0vprintf$4) refers to printf4.o(i._printf_core) for _printf_core
    printf4.o(i.__0vprintf$4) refers to usart.o(i.fputc) for fputc
    printf4.o(i.__0vprintf$4) refers to stdout.o(.data) for __stdout
    printf4.o(i.__0vsnprintf$4) refers to printf4.o(i._printf_core) for _printf_core
    printf4.o(i.__0vsnprintf$4) refers to printf4.o(i._snputc) for _snputc
    printf4.o(i.__0vsprintf$4) refers to printf4.o(i._printf_core) for _printf_core
    printf4.o(i.__0vsprintf$4) refers to printf4.o(i._sputc) for _sputc
    printf4.o(i._printf_core) refers to uldiv.o(.text) for __aeabi_uldivmod
    printf5.o(i.__0fprintf$5) refers to printf5.o(i._printf_core) for _printf_core
    printf5.o(i.__0fprintf$5) refers to usart.o(i.fputc) for fputc
    printf5.o(i.__0printf$5) refers to printf5.o(i._printf_core) for _printf_core
    printf5.o(i.__0printf$5) refers to usart.o(i.fputc) for fputc
    printf5.o(i.__0printf$5) refers to stdout.o(.data) for __stdout
    printf5.o(i.__0snprintf$5) refers to printf5.o(i._printf_core) for _printf_core
    printf5.o(i.__0snprintf$5) refers to printf5.o(i._snputc) for _snputc
    printf5.o(i.__0sprintf$5) refers to printf5.o(i._printf_core) for _printf_core
    printf5.o(i.__0sprintf$5) refers to printf5.o(i._sputc) for _sputc
    printf5.o(i.__0vfprintf$5) refers to printf5.o(i._printf_core) for _printf_core
    printf5.o(i.__0vfprintf$5) refers to usart.o(i.fputc) for fputc
    printf5.o(i.__0vprintf$5) refers to printf5.o(i._printf_core) for _printf_core
    printf5.o(i.__0vprintf$5) refers to usart.o(i.fputc) for fputc
    printf5.o(i.__0vprintf$5) refers to stdout.o(.data) for __stdout
    printf5.o(i.__0vsnprintf$5) refers to printf5.o(i._printf_core) for _printf_core
    printf5.o(i.__0vsnprintf$5) refers to printf5.o(i._snputc) for _snputc
    printf5.o(i.__0vsprintf$5) refers to printf5.o(i._printf_core) for _printf_core
    printf5.o(i.__0vsprintf$5) refers to printf5.o(i._sputc) for _sputc
    printf5.o(i._printf_core) refers to uldiv.o(.text) for __aeabi_uldivmod
    printf6.o(i.__0fprintf$6) refers to printf6.o(i._printf_core) for _printf_core
    printf6.o(i.__0fprintf$6) refers to usart.o(i.fputc) for fputc
    printf6.o(i.__0printf$6) refers to printf6.o(i._printf_core) for _printf_core
    printf6.o(i.__0printf$6) refers to usart.o(i.fputc) for fputc
    printf6.o(i.__0printf$6) refers to stdout.o(.data) for __stdout
    printf6.o(i.__0snprintf$6) refers to printf6.o(i._printf_core) for _printf_core
    printf6.o(i.__0snprintf$6) refers to printf6.o(i._snputc) for _snputc
    printf6.o(i.__0sprintf$6) refers to printf6.o(i._printf_core) for _printf_core
    printf6.o(i.__0sprintf$6) refers to printf6.o(i._sputc) for _sputc
    printf6.o(i.__0vfprintf$6) refers to printf6.o(i._printf_core) for _printf_core
    printf6.o(i.__0vfprintf$6) refers to usart.o(i.fputc) for fputc
    printf6.o(i.__0vprintf$6) refers to printf6.o(i._printf_core) for _printf_core
    printf6.o(i.__0vprintf$6) refers to usart.o(i.fputc) for fputc
    printf6.o(i.__0vprintf$6) refers to stdout.o(.data) for __stdout
    printf6.o(i.__0vsnprintf$6) refers to printf6.o(i._printf_core) for _printf_core
    printf6.o(i.__0vsnprintf$6) refers to printf6.o(i._snputc) for _snputc
    printf6.o(i.__0vsprintf$6) refers to printf6.o(i._printf_core) for _printf_core
    printf6.o(i.__0vsprintf$6) refers to printf6.o(i._sputc) for _sputc
    printf6.o(i._printf_core) refers to printf6.o(i._printf_pre_padding) for _printf_pre_padding
    printf6.o(i._printf_core) refers to uidiv.o(.text) for __aeabi_uidivmod
    printf6.o(i._printf_core) refers to printf6.o(i._printf_post_padding) for _printf_post_padding
    printf7.o(i.__0fprintf$7) refers to printf7.o(i._printf_core) for _printf_core
    printf7.o(i.__0fprintf$7) refers to usart.o(i.fputc) for fputc
    printf7.o(i.__0printf$7) refers to printf7.o(i._printf_core) for _printf_core
    printf7.o(i.__0printf$7) refers to usart.o(i.fputc) for fputc
    printf7.o(i.__0printf$7) refers to stdout.o(.data) for __stdout
    printf7.o(i.__0snprintf$7) refers to printf7.o(i._printf_core) for _printf_core
    printf7.o(i.__0snprintf$7) refers to printf7.o(i._snputc) for _snputc
    printf7.o(i.__0sprintf$7) refers to printf7.o(i._printf_core) for _printf_core
    printf7.o(i.__0sprintf$7) refers to printf7.o(i._sputc) for _sputc
    printf7.o(i.__0vfprintf$7) refers to printf7.o(i._printf_core) for _printf_core
    printf7.o(i.__0vfprintf$7) refers to usart.o(i.fputc) for fputc
    printf7.o(i.__0vprintf$7) refers to printf7.o(i._printf_core) for _printf_core
    printf7.o(i.__0vprintf$7) refers to usart.o(i.fputc) for fputc
    printf7.o(i.__0vprintf$7) refers to stdout.o(.data) for __stdout
    printf7.o(i.__0vsnprintf$7) refers to printf7.o(i._printf_core) for _printf_core
    printf7.o(i.__0vsnprintf$7) refers to printf7.o(i._snputc) for _snputc
    printf7.o(i.__0vsprintf$7) refers to printf7.o(i._printf_core) for _printf_core
    printf7.o(i.__0vsprintf$7) refers to printf7.o(i._sputc) for _sputc
    printf7.o(i._printf_core) refers to printf7.o(i._printf_pre_padding) for _printf_pre_padding
    printf7.o(i._printf_core) refers to uldiv.o(.text) for __aeabi_uldivmod
    printf7.o(i._printf_core) refers to printf7.o(i._printf_post_padding) for _printf_post_padding
    printf8.o(i.__0fprintf$8) refers to printf8.o(i._printf_core) for _printf_core
    printf8.o(i.__0fprintf$8) refers to usart.o(i.fputc) for fputc
    printf8.o(i.__0printf$8) refers to printf8.o(i._printf_core) for _printf_core
    printf8.o(i.__0printf$8) refers to usart.o(i.fputc) for fputc
    printf8.o(i.__0printf$8) refers to stdout.o(.data) for __stdout
    printf8.o(i.__0snprintf$8) refers to printf8.o(i._printf_core) for _printf_core
    printf8.o(i.__0snprintf$8) refers to printf8.o(i._snputc) for _snputc
    printf8.o(i.__0sprintf$8) refers to printf8.o(i._printf_core) for _printf_core
    printf8.o(i.__0sprintf$8) refers to printf8.o(i._sputc) for _sputc
    printf8.o(i.__0vfprintf$8) refers to printf8.o(i._printf_core) for _printf_core
    printf8.o(i.__0vfprintf$8) refers to usart.o(i.fputc) for fputc
    printf8.o(i.__0vprintf$8) refers to printf8.o(i._printf_core) for _printf_core
    printf8.o(i.__0vprintf$8) refers to usart.o(i.fputc) for fputc
    printf8.o(i.__0vprintf$8) refers to stdout.o(.data) for __stdout
    printf8.o(i.__0vsnprintf$8) refers to printf8.o(i._printf_core) for _printf_core
    printf8.o(i.__0vsnprintf$8) refers to printf8.o(i._snputc) for _snputc
    printf8.o(i.__0vsprintf$8) refers to printf8.o(i._printf_core) for _printf_core
    printf8.o(i.__0vsprintf$8) refers to printf8.o(i._sputc) for _sputc
    printf8.o(i._printf_core) refers to printf8.o(i._printf_pre_padding) for _printf_pre_padding
    printf8.o(i._printf_core) refers to uldiv.o(.text) for __aeabi_uldivmod
    printf8.o(i._printf_core) refers to printf8.o(i._printf_post_padding) for _printf_post_padding
    printfa.o(i.__0fprintf) refers (Special) to iusefp.o(.text) for __I$use$fp
    printfa.o(i.__0fprintf) refers to printfa.o(i._printf_core) for _printf_core
    printfa.o(i.__0fprintf) refers to usart.o(i.fputc) for fputc
    printfa.o(i.__0printf) refers (Special) to iusefp.o(.text) for __I$use$fp
    printfa.o(i.__0printf) refers to printfa.o(i._printf_core) for _printf_core
    printfa.o(i.__0printf) refers to usart.o(i.fputc) for fputc
    printfa.o(i.__0printf) refers to stdout.o(.data) for __stdout
    printfa.o(i.__0snprintf) refers (Special) to iusefp.o(.text) for __I$use$fp
    printfa.o(i.__0snprintf) refers to printfa.o(i._printf_core) for _printf_core
    printfa.o(i.__0snprintf) refers to printfa.o(i._snputc) for _snputc
    printfa.o(i.__0sprintf) refers (Special) to iusefp.o(.text) for __I$use$fp
    printfa.o(i.__0sprintf) refers to printfa.o(i._printf_core) for _printf_core
    printfa.o(i.__0sprintf) refers to printfa.o(i._sputc) for _sputc
    printfa.o(i.__0vfprintf) refers (Special) to iusefp.o(.text) for __I$use$fp
    printfa.o(i.__0vfprintf) refers to printfa.o(i._printf_core) for _printf_core
    printfa.o(i.__0vfprintf) refers to usart.o(i.fputc) for fputc
    printfa.o(i.__0vprintf) refers (Special) to iusefp.o(.text) for __I$use$fp
    printfa.o(i.__0vprintf) refers to printfa.o(i._printf_core) for _printf_core
    printfa.o(i.__0vprintf) refers to usart.o(i.fputc) for fputc
    printfa.o(i.__0vprintf) refers to stdout.o(.data) for __stdout
    printfa.o(i.__0vsnprintf) refers (Special) to iusefp.o(.text) for __I$use$fp
    printfa.o(i.__0vsnprintf) refers to printfa.o(i._printf_core) for _printf_core
    printfa.o(i.__0vsnprintf) refers to printfa.o(i._snputc) for _snputc
    printfa.o(i.__0vsprintf) refers (Special) to iusefp.o(.text) for __I$use$fp
    printfa.o(i.__0vsprintf) refers to printfa.o(i._printf_core) for _printf_core
    printfa.o(i.__0vsprintf) refers to printfa.o(i._sputc) for _sputc
    printfa.o(i._fp_digits) refers (Special) to iusefp.o(.text) for __I$use$fp
    printfa.o(i._fp_digits) refers to dmul.o(.text) for __aeabi_dmul
    printfa.o(i._fp_digits) refers to ddiv.o(.text) for __aeabi_ddiv
    printfa.o(i._fp_digits) refers to cdrcmple.o(.text) for __aeabi_cdrcmple
    printfa.o(i._fp_digits) refers to dadd.o(.text) for __aeabi_dadd
    printfa.o(i._fp_digits) refers to dfixul.o(.text) for __aeabi_d2ulz
    printfa.o(i._fp_digits) refers to uldiv.o(.text) for __aeabi_uldivmod
    printfa.o(i._printf_core) refers (Special) to iusefp.o(.text) for __I$use$fp
    printfa.o(i._printf_core) refers to printfa.o(i._printf_pre_padding) for _printf_pre_padding
    printfa.o(i._printf_core) refers to uldiv.o(.text) for __aeabi_uldivmod
    printfa.o(i._printf_core) refers to printfa.o(i._printf_post_padding) for _printf_post_padding
    printfa.o(i._printf_core) refers to printfa.o(i._fp_digits) for _fp_digits
    printfa.o(i._printf_core) refers to uidiv.o(.text) for __aeabi_uidivmod
    printfa.o(i._printf_post_padding) refers (Special) to iusefp.o(.text) for __I$use$fp
    printfa.o(i._printf_pre_padding) refers (Special) to iusefp.o(.text) for __I$use$fp
    printfa.o(i._snputc) refers (Special) to iusefp.o(.text) for __I$use$fp
    printfa.o(i._sputc) refers (Special) to iusefp.o(.text) for __I$use$fp
    entry2.o(.ARM.Collect$$$$00000001) refers to entry2.o(.ARM.Collect$$$$00002712) for __lit__00000000
    entry2.o(.ARM.Collect$$$$00002712) refers to startup_stm32f10x_ld.o(STACK) for __initial_sp
    entry2.o(__vectab_stack_and_reset_area) refers to startup_stm32f10x_ld.o(STACK) for __initial_sp
    entry2.o(__vectab_stack_and_reset_area) refers to entry.o(.ARM.Collect$$$$00000000) for __main
    entry5.o(.ARM.Collect$$$$00000004) refers to init.o(.text) for __scatterload
    entry9a.o(.ARM.Collect$$$$0000000B) refers to main.o(i.main) for main
    entry9b.o(.ARM.Collect$$$$0000000C) refers to main.o(i.main) for main
    uldiv.o(.text) refers to llushr.o(.text) for __aeabi_llsr
    uldiv.o(.text) refers to llshl.o(.text) for __aeabi_llsl
    dadd.o(.text) refers to llshl.o(.text) for __aeabi_llsl
    dadd.o(.text) refers to llsshr.o(.text) for __aeabi_lasr
    dadd.o(.text) refers to depilogue.o(.text) for _double_epilogue
    dmul.o(.text) refers to depilogue.o(.text) for _double_epilogue
    ddiv.o(.text) refers to depilogue.o(.text) for _double_round
    dfixul.o(.text) refers to llushr.o(.text) for __aeabi_llsr
    dfixul.o(.text) refers to llshl.o(.text) for __aeabi_llsl
    init.o(.text) refers to entry5.o(.ARM.Collect$$$$00000004) for __main_after_scatterload
    depilogue.o(.text) refers to llshl.o(.text) for __aeabi_llsl
    depilogue.o(.text) refers to llushr.o(.text) for __aeabi_llsr


==============================================================================

Removing Unused input sections from the image.

    Removing startup_stm32f10x_ld.o(HEAP), (512 bytes).
    Removing stm32f10x_gpio.o(i.GPIO_AFIODeInit), (20 bytes).
    Removing stm32f10x_gpio.o(i.GPIO_DeInit), (200 bytes).
    Removing stm32f10x_gpio.o(i.GPIO_ETH_MediaInterfaceConfig), (12 bytes).
    Removing stm32f10x_gpio.o(i.GPIO_EXTILineConfig), (64 bytes).
    Removing stm32f10x_gpio.o(i.GPIO_EventOutputCmd), (12 bytes).
    Removing stm32f10x_gpio.o(i.GPIO_EventOutputConfig), (32 bytes).
    Removing stm32f10x_gpio.o(i.GPIO_PinLockConfig), (18 bytes).
    Removing stm32f10x_gpio.o(i.GPIO_PinRemapConfig), (144 bytes).
    Removing stm32f10x_gpio.o(i.GPIO_ReadInputData), (8 bytes).
    Removing stm32f10x_gpio.o(i.GPIO_ReadInputDataBit), (18 bytes).
    Removing stm32f10x_gpio.o(i.GPIO_ReadOutputData), (8 bytes).
    Removing stm32f10x_gpio.o(i.GPIO_ReadOutputDataBit), (18 bytes).
    Removing stm32f10x_gpio.o(i.GPIO_ResetBits), (4 bytes).
    Removing stm32f10x_gpio.o(i.GPIO_SetBits), (4 bytes).
    Removing stm32f10x_gpio.o(i.GPIO_StructInit), (16 bytes).
    Removing stm32f10x_gpio.o(i.GPIO_Write), (4 bytes).
    Removing stm32f10x_gpio.o(i.GPIO_WriteBit), (10 bytes).
    Removing stm32f10x_rcc.o(i.RCC_ADCCLKConfig), (24 bytes).
    Removing stm32f10x_rcc.o(i.RCC_AHBPeriphClockCmd), (32 bytes).
    Removing stm32f10x_rcc.o(i.RCC_APB1PeriphResetCmd), (32 bytes).
    Removing stm32f10x_rcc.o(i.RCC_APB2PeriphResetCmd), (32 bytes).
    Removing stm32f10x_rcc.o(i.RCC_AdjustHSICalibrationValue), (24 bytes).
    Removing stm32f10x_rcc.o(i.RCC_BackupResetCmd), (12 bytes).
    Removing stm32f10x_rcc.o(i.RCC_ClearFlag), (20 bytes).
    Removing stm32f10x_rcc.o(i.RCC_ClearITPendingBit), (12 bytes).
    Removing stm32f10x_rcc.o(i.RCC_ClockSecuritySystemCmd), (12 bytes).
    Removing stm32f10x_rcc.o(i.RCC_DeInit), (76 bytes).
    Removing stm32f10x_rcc.o(i.RCC_GetFlagStatus), (60 bytes).
    Removing stm32f10x_rcc.o(i.RCC_GetITStatus), (24 bytes).
    Removing stm32f10x_rcc.o(i.RCC_GetSYSCLKSource), (16 bytes).
    Removing stm32f10x_rcc.o(i.RCC_HCLKConfig), (24 bytes).
    Removing stm32f10x_rcc.o(i.RCC_HSEConfig), (76 bytes).
    Removing stm32f10x_rcc.o(i.RCC_HSICmd), (12 bytes).
    Removing stm32f10x_rcc.o(i.RCC_ITConfig), (32 bytes).
    Removing stm32f10x_rcc.o(i.RCC_LSEConfig), (52 bytes).
    Removing stm32f10x_rcc.o(i.RCC_LSICmd), (12 bytes).
    Removing stm32f10x_rcc.o(i.RCC_MCOConfig), (12 bytes).
    Removing stm32f10x_rcc.o(i.RCC_PCLK1Config), (24 bytes).
    Removing stm32f10x_rcc.o(i.RCC_PCLK2Config), (24 bytes).
    Removing stm32f10x_rcc.o(i.RCC_PLLCmd), (12 bytes).
    Removing stm32f10x_rcc.o(i.RCC_PLLConfig), (28 bytes).
    Removing stm32f10x_rcc.o(i.RCC_RTCCLKCmd), (12 bytes).
    Removing stm32f10x_rcc.o(i.RCC_RTCCLKConfig), (16 bytes).
    Removing stm32f10x_rcc.o(i.RCC_SYSCLKConfig), (24 bytes).
    Removing stm32f10x_rcc.o(i.RCC_USBCLKConfig), (12 bytes).
    Removing stm32f10x_rcc.o(i.RCC_WaitForHSEStartUp), (56 bytes).
    Removing misc.o(i.NVIC_SetVectorTable), (20 bytes).
    Removing misc.o(i.NVIC_SystemLPConfig), (32 bytes).
    Removing stm32f10x_exti.o(i.EXTI_ClearFlag), (12 bytes).
    Removing stm32f10x_exti.o(i.EXTI_ClearITPendingBit), (12 bytes).
    Removing stm32f10x_exti.o(i.EXTI_DeInit), (36 bytes).
    Removing stm32f10x_exti.o(i.EXTI_GenerateSWInterrupt), (16 bytes).
    Removing stm32f10x_exti.o(i.EXTI_GetFlagStatus), (24 bytes).
    Removing stm32f10x_exti.o(i.EXTI_GetITStatus), (40 bytes).
    Removing stm32f10x_exti.o(i.EXTI_Init), (148 bytes).
    Removing stm32f10x_exti.o(i.EXTI_StructInit), (16 bytes).
    Removing stm32f10x_tim.o(i.TI1_Config), (128 bytes).
    Removing stm32f10x_tim.o(i.TI2_Config), (152 bytes).
    Removing stm32f10x_tim.o(i.TI3_Config), (144 bytes).
    Removing stm32f10x_tim.o(i.TI4_Config), (152 bytes).
    Removing stm32f10x_tim.o(i.TIM_ARRPreloadConfig), (24 bytes).
    Removing stm32f10x_tim.o(i.TIM_BDTRConfig), (32 bytes).
    Removing stm32f10x_tim.o(i.TIM_BDTRStructInit), (18 bytes).
    Removing stm32f10x_tim.o(i.TIM_CCPreloadControl), (24 bytes).
    Removing stm32f10x_tim.o(i.TIM_CCxCmd), (30 bytes).
    Removing stm32f10x_tim.o(i.TIM_CCxNCmd), (30 bytes).
    Removing stm32f10x_tim.o(i.TIM_ClearFlag), (6 bytes).
    Removing stm32f10x_tim.o(i.TIM_ClearITPendingBit), (6 bytes).
    Removing stm32f10x_tim.o(i.TIM_ClearOC1Ref), (18 bytes).
    Removing stm32f10x_tim.o(i.TIM_ClearOC2Ref), (24 bytes).
    Removing stm32f10x_tim.o(i.TIM_ClearOC3Ref), (18 bytes).
    Removing stm32f10x_tim.o(i.TIM_ClearOC4Ref), (24 bytes).
    Removing stm32f10x_tim.o(i.TIM_Cmd), (24 bytes).
    Removing stm32f10x_tim.o(i.TIM_CounterModeConfig), (18 bytes).
    Removing stm32f10x_tim.o(i.TIM_CtrlPWMOutputs), (30 bytes).
    Removing stm32f10x_tim.o(i.TIM_DMACmd), (18 bytes).
    Removing stm32f10x_tim.o(i.TIM_DMAConfig), (10 bytes).
    Removing stm32f10x_tim.o(i.TIM_DeInit), (488 bytes).
    Removing stm32f10x_tim.o(i.TIM_ETRClockMode1Config), (54 bytes).
    Removing stm32f10x_tim.o(i.TIM_ETRClockMode2Config), (32 bytes).
    Removing stm32f10x_tim.o(i.TIM_ETRConfig), (28 bytes).
    Removing stm32f10x_tim.o(i.TIM_EncoderInterfaceConfig), (66 bytes).
    Removing stm32f10x_tim.o(i.TIM_ForcedOC1Config), (18 bytes).
    Removing stm32f10x_tim.o(i.TIM_ForcedOC2Config), (26 bytes).
    Removing stm32f10x_tim.o(i.TIM_ForcedOC3Config), (18 bytes).
    Removing stm32f10x_tim.o(i.TIM_ForcedOC4Config), (26 bytes).
    Removing stm32f10x_tim.o(i.TIM_GenerateEvent), (4 bytes).
    Removing stm32f10x_tim.o(i.TIM_GetCapture1), (6 bytes).
    Removing stm32f10x_tim.o(i.TIM_GetCapture2), (6 bytes).
    Removing stm32f10x_tim.o(i.TIM_GetCapture3), (6 bytes).
    Removing stm32f10x_tim.o(i.TIM_GetCapture4), (8 bytes).
    Removing stm32f10x_tim.o(i.TIM_GetCounter), (6 bytes).
    Removing stm32f10x_tim.o(i.TIM_GetFlagStatus), (18 bytes).
    Removing stm32f10x_tim.o(i.TIM_GetITStatus), (34 bytes).
    Removing stm32f10x_tim.o(i.TIM_GetPrescaler), (6 bytes).
    Removing stm32f10x_tim.o(i.TIM_ICInit), (172 bytes).
    Removing stm32f10x_tim.o(i.TIM_ICStructInit), (18 bytes).
    Removing stm32f10x_tim.o(i.TIM_ITConfig), (18 bytes).
    Removing stm32f10x_tim.o(i.TIM_ITRxExternalClockConfig), (24 bytes).
    Removing stm32f10x_tim.o(i.TIM_InternalClockConfig), (12 bytes).
    Removing stm32f10x_tim.o(i.TIM_OC1FastConfig), (18 bytes).
    Removing stm32f10x_tim.o(i.TIM_OC1Init), (152 bytes).
    Removing stm32f10x_tim.o(i.TIM_OC1NPolarityConfig), (18 bytes).
    Removing stm32f10x_tim.o(i.TIM_OC1PolarityConfig), (18 bytes).
    Removing stm32f10x_tim.o(i.TIM_OC1PreloadConfig), (18 bytes).
    Removing stm32f10x_tim.o(i.TIM_OC2FastConfig), (26 bytes).
    Removing stm32f10x_tim.o(i.TIM_OC2Init), (164 bytes).
    Removing stm32f10x_tim.o(i.TIM_OC2NPolarityConfig), (26 bytes).
    Removing stm32f10x_tim.o(i.TIM_OC2PolarityConfig), (26 bytes).
    Removing stm32f10x_tim.o(i.TIM_OC2PreloadConfig), (26 bytes).
    Removing stm32f10x_tim.o(i.TIM_OC3FastConfig), (18 bytes).
    Removing stm32f10x_tim.o(i.TIM_OC3Init), (160 bytes).
    Removing stm32f10x_tim.o(i.TIM_OC3NPolarityConfig), (26 bytes).
    Removing stm32f10x_tim.o(i.TIM_OC3PolarityConfig), (26 bytes).
    Removing stm32f10x_tim.o(i.TIM_OC3PreloadConfig), (18 bytes).
    Removing stm32f10x_tim.o(i.TIM_OC4FastConfig), (26 bytes).
    Removing stm32f10x_tim.o(i.TIM_OC4Init), (124 bytes).
    Removing stm32f10x_tim.o(i.TIM_OC4PolarityConfig), (26 bytes).
    Removing stm32f10x_tim.o(i.TIM_OC4PreloadConfig), (26 bytes).
    Removing stm32f10x_tim.o(i.TIM_OCStructInit), (20 bytes).
    Removing stm32f10x_tim.o(i.TIM_PWMIConfig), (124 bytes).
    Removing stm32f10x_tim.o(i.TIM_PrescalerConfig), (6 bytes).
    Removing stm32f10x_tim.o(i.TIM_SelectCCDMA), (24 bytes).
    Removing stm32f10x_tim.o(i.TIM_SelectCOM), (24 bytes).
    Removing stm32f10x_tim.o(i.TIM_SelectHallSensor), (24 bytes).
    Removing stm32f10x_tim.o(i.TIM_SelectInputTrigger), (18 bytes).
    Removing stm32f10x_tim.o(i.TIM_SelectMasterSlaveMode), (18 bytes).
    Removing stm32f10x_tim.o(i.TIM_SelectOCxM), (82 bytes).
    Removing stm32f10x_tim.o(i.TIM_SelectOnePulseMode), (18 bytes).
    Removing stm32f10x_tim.o(i.TIM_SelectOutputTrigger), (18 bytes).
    Removing stm32f10x_tim.o(i.TIM_SelectSlaveMode), (18 bytes).
    Removing stm32f10x_tim.o(i.TIM_SetAutoreload), (4 bytes).
    Removing stm32f10x_tim.o(i.TIM_SetClockDivision), (18 bytes).
    Removing stm32f10x_tim.o(i.TIM_SetCompare1), (4 bytes).
    Removing stm32f10x_tim.o(i.TIM_SetCompare2), (4 bytes).
    Removing stm32f10x_tim.o(i.TIM_SetCompare3), (4 bytes).
    Removing stm32f10x_tim.o(i.TIM_SetCompare4), (6 bytes).
    Removing stm32f10x_tim.o(i.TIM_SetCounter), (4 bytes).
    Removing stm32f10x_tim.o(i.TIM_SetIC1Prescaler), (18 bytes).
    Removing stm32f10x_tim.o(i.TIM_SetIC2Prescaler), (26 bytes).
    Removing stm32f10x_tim.o(i.TIM_SetIC3Prescaler), (18 bytes).
    Removing stm32f10x_tim.o(i.TIM_SetIC4Prescaler), (26 bytes).
    Removing stm32f10x_tim.o(i.TIM_TIxExternalClockConfig), (62 bytes).
    Removing stm32f10x_tim.o(i.TIM_TimeBaseInit), (164 bytes).
    Removing stm32f10x_tim.o(i.TIM_TimeBaseStructInit), (18 bytes).
    Removing stm32f10x_tim.o(i.TIM_UpdateDisableConfig), (24 bytes).
    Removing stm32f10x_tim.o(i.TIM_UpdateRequestConfig), (24 bytes).
    Removing stm32f10x_usart.o(i.USART_ClockInit), (34 bytes).
    Removing stm32f10x_usart.o(i.USART_ClockStructInit), (12 bytes).
    Removing stm32f10x_usart.o(i.USART_DMACmd), (18 bytes).
    Removing stm32f10x_usart.o(i.USART_DeInit), (156 bytes).
    Removing stm32f10x_usart.o(i.USART_HalfDuplexCmd), (24 bytes).
    Removing stm32f10x_usart.o(i.USART_IrDACmd), (24 bytes).
    Removing stm32f10x_usart.o(i.USART_IrDAConfig), (18 bytes).
    Removing stm32f10x_usart.o(i.USART_LINBreakDetectLengthConfig), (18 bytes).
    Removing stm32f10x_usart.o(i.USART_LINCmd), (24 bytes).
    Removing stm32f10x_usart.o(i.USART_OneBitMethodCmd), (24 bytes).
    Removing stm32f10x_usart.o(i.USART_OverSampling8Cmd), (22 bytes).
    Removing stm32f10x_usart.o(i.USART_ReceiverWakeUpCmd), (24 bytes).
    Removing stm32f10x_usart.o(i.USART_SendBreak), (10 bytes).
    Removing stm32f10x_usart.o(i.USART_SetAddress), (18 bytes).
    Removing stm32f10x_usart.o(i.USART_SetGuardTime), (16 bytes).
    Removing stm32f10x_usart.o(i.USART_SetPrescaler), (16 bytes).
    Removing stm32f10x_usart.o(i.USART_SmartCardCmd), (24 bytes).
    Removing stm32f10x_usart.o(i.USART_SmartCardNACKCmd), (24 bytes).
    Removing stm32f10x_usart.o(i.USART_StructInit), (24 bytes).
    Removing stm32f10x_usart.o(i.USART_WakeUpConfig), (18 bytes).
    Removing system_stm32f10x.o(i.SystemCoreClockUpdate), (164 bytes).
    Removing system_stm32f10x.o(.data), (20 bytes).
    Removing core_cm3.o(.emb_text), (32 bytes).
    Removing esp8266.o(i.esp8266_check_cmd), (56 bytes).
    Removing esp8266.o(i.esp8266_send_cmd), (88 bytes).
    Removing esp8266.o(i.esp8266_start_trans), (228 bytes).
    Removing systick.o(i.delay_us), (76 bytes).
    Removing usart.o(i.Serial_GetRxFlag), (28 bytes).
    Removing dadd.o(.text), (334 bytes).
    Removing dmul.o(.text), (228 bytes).
    Removing ddiv.o(.text), (222 bytes).
    Removing dfixul.o(.text), (48 bytes).
    Removing cdrcmple.o(.text), (48 bytes).
    Removing depilogue.o(.text), (186 bytes).

182 unused section(s) (total 8354 bytes) removed from the image.

==============================================================================

Image Symbol Table

    Local Symbols

    Symbol Name                              Value     Ov Type        Size  Object(Section)

    ../clib/../cmprslib/zerorunl2.c          0x00000000   Number         0  __dczerorl2.o ABSOLUTE
    ../clib/microlib/division.c              0x00000000   Number         0  uldiv.o ABSOLUTE
    ../clib/microlib/division.c              0x00000000   Number         0  uidiv.o ABSOLUTE
    ../clib/microlib/init/entry.s            0x00000000   Number         0  entry7a.o ABSOLUTE
    ../clib/microlib/init/entry.s            0x00000000   Number         0  entry7b.o ABSOLUTE
    ../clib/microlib/init/entry.s            0x00000000   Number         0  entry.o ABSOLUTE
    ../clib/microlib/init/entry.s            0x00000000   Number         0  entry8a.o ABSOLUTE
    ../clib/microlib/init/entry.s            0x00000000   Number         0  entry8b.o ABSOLUTE
    ../clib/microlib/init/entry.s            0x00000000   Number         0  entry11a.o ABSOLUTE
    ../clib/microlib/init/entry.s            0x00000000   Number         0  entry10b.o ABSOLUTE
    ../clib/microlib/init/entry.s            0x00000000   Number         0  entry9b.o ABSOLUTE
    ../clib/microlib/init/entry.s            0x00000000   Number         0  entry9a.o ABSOLUTE
    ../clib/microlib/init/entry.s            0x00000000   Number         0  entry10a.o ABSOLUTE
    ../clib/microlib/init/entry.s            0x00000000   Number         0  entry2.o ABSOLUTE
    ../clib/microlib/init/entry.s            0x00000000   Number         0  entry5.o ABSOLUTE
    ../clib/microlib/init/entry.s            0x00000000   Number         0  entry11b.o ABSOLUTE
    ../clib/microlib/longlong.c              0x00000000   Number         0  llsshr.o ABSOLUTE
    ../clib/microlib/longlong.c              0x00000000   Number         0  llushr.o ABSOLUTE
    ../clib/microlib/longlong.c              0x00000000   Number         0  llshl.o ABSOLUTE
    ../clib/microlib/printf/printf.c         0x00000000   Number         0  printfb.o ABSOLUTE
    ../clib/microlib/printf/printf.c         0x00000000   Number         0  printf0.o ABSOLUTE
    ../clib/microlib/printf/printf.c         0x00000000   Number         0  printf1.o ABSOLUTE
    ../clib/microlib/printf/printf.c         0x00000000   Number         0  printf3.o ABSOLUTE
    ../clib/microlib/printf/printf.c         0x00000000   Number         0  printf4.o ABSOLUTE
    ../clib/microlib/printf/printf.c         0x00000000   Number         0  printf5.o ABSOLUTE
    ../clib/microlib/printf/printf.c         0x00000000   Number         0  printf6.o ABSOLUTE
    ../clib/microlib/printf/printf.c         0x00000000   Number         0  printf7.o ABSOLUTE
    ../clib/microlib/printf/printf.c         0x00000000   Number         0  printf8.o ABSOLUTE
    ../clib/microlib/printf/printf.c         0x00000000   Number         0  printfa.o ABSOLUTE
    ../clib/microlib/printf/printf.c         0x00000000   Number         0  printf2.o ABSOLUTE
    ../clib/microlib/printf/stubs.s          0x00000000   Number         0  stubs.o ABSOLUTE
    ../clib/microlib/stdio/streams.c         0x00000000   Number         0  stdout.o ABSOLUTE
    ../clib/microlib/string/memcmp.c         0x00000000   Number         0  memcmp.o ABSOLUTE
    ../clib/microlib/string/memset.c         0x00000000   Number         0  memseta.o ABSOLUTE
    ../clib/microlib/string/strstr.c         0x00000000   Number         0  strstr.o ABSOLUTE
    ../clib/microlib/stubs.s                 0x00000000   Number         0  iusefp.o ABSOLUTE
    ../fplib/microlib/fpadd.c                0x00000000   Number         0  dadd.o ABSOLUTE
    ../fplib/microlib/fpdiv.c                0x00000000   Number         0  ddiv.o ABSOLUTE
    ../fplib/microlib/fpepilogue.c           0x00000000   Number         0  depilogue.o ABSOLUTE
    ../fplib/microlib/fpfix.c                0x00000000   Number         0  dfixul.o ABSOLUTE
    ../fplib/microlib/fpmul.c                0x00000000   Number         0  dmul.o ABSOLUTE
    APP\ESP8266\ESP8266.c                    0x00000000   Number         0  esp8266.o ABSOLUTE
    Libraries\CMSIS\core_cm3.c               0x00000000   Number         0  core_cm3.o ABSOLUTE
    Libraries\CMSIS\startup_stm32f10x_ld.s   0x00000000   Number         0  startup_stm32f10x_ld.o ABSOLUTE
    Libraries\CMSIS\system_stm32f10x.c       0x00000000   Number         0  system_stm32f10x.o ABSOLUTE
    Libraries\STM32F10x_StdPeriph_Driver\src\misc.c 0x00000000   Number         0  misc.o ABSOLUTE
    Libraries\STM32F10x_StdPeriph_Driver\src\stm32f10x_exti.c 0x00000000   Number         0  stm32f10x_exti.o ABSOLUTE
    Libraries\STM32F10x_StdPeriph_Driver\src\stm32f10x_gpio.c 0x00000000   Number         0  stm32f10x_gpio.o ABSOLUTE
    Libraries\STM32F10x_StdPeriph_Driver\src\stm32f10x_rcc.c 0x00000000   Number         0  stm32f10x_rcc.o ABSOLUTE
    Libraries\STM32F10x_StdPeriph_Driver\src\stm32f10x_tim.c 0x00000000   Number         0  stm32f10x_tim.o ABSOLUTE
    Libraries\STM32F10x_StdPeriph_Driver\src\stm32f10x_usart.c 0x00000000   Number         0  stm32f10x_usart.o ABSOLUTE
    Libraries\\CMSIS\\core_cm3.c             0x00000000   Number         0  core_cm3.o ABSOLUTE
    Public\SysTick.c                         0x00000000   Number         0  systick.o ABSOLUTE
    Public\system.c                          0x00000000   Number         0  system.o ABSOLUTE
    Public\usart.c                           0x00000000   Number         0  usart.o ABSOLUTE
    User\main.c                              0x00000000   Number         0  main.o ABSOLUTE
    User\stm32f10x_it.c                      0x00000000   Number         0  stm32f10x_it.o ABSOLUTE
    cdrcmple.s                               0x00000000   Number         0  cdrcmple.o ABSOLUTE
    dc.s                                     0x00000000   Number         0  dc.o ABSOLUTE
    handlers.s                               0x00000000   Number         0  handlers.o ABSOLUTE
    init.s                                   0x00000000   Number         0  init.o ABSOLUTE
    RESET                                    0x08000000   Section      236  startup_stm32f10x_ld.o(RESET)
    .ARM.Collect$$$$00000000                 0x080000ec   Section        0  entry.o(.ARM.Collect$$$$00000000)
    .ARM.Collect$$$$00000001                 0x080000ec   Section        4  entry2.o(.ARM.Collect$$$$00000001)
    .ARM.Collect$$$$00000004                 0x080000f0   Section        4  entry5.o(.ARM.Collect$$$$00000004)
    .ARM.Collect$$$$00000008                 0x080000f4   Section        0  entry7b.o(.ARM.Collect$$$$00000008)
    .ARM.Collect$$$$0000000A                 0x080000f4   Section        0  entry8b.o(.ARM.Collect$$$$0000000A)
    .ARM.Collect$$$$0000000B                 0x080000f4   Section        8  entry9a.o(.ARM.Collect$$$$0000000B)
    .ARM.Collect$$$$0000000D                 0x080000fc   Section        0  entry10a.o(.ARM.Collect$$$$0000000D)
    .ARM.Collect$$$$0000000F                 0x080000fc   Section        0  entry11a.o(.ARM.Collect$$$$0000000F)
    .ARM.Collect$$$$00002712                 0x080000fc   Section        4  entry2.o(.ARM.Collect$$$$00002712)
    __lit__00000000                          0x080000fc   Data           4  entry2.o(.ARM.Collect$$$$00002712)
    .text                                    0x08000100   Section       36  startup_stm32f10x_ld.o(.text)
    .text                                    0x08000124   Section        0  memseta.o(.text)
    .text                                    0x08000148   Section        0  memcmp.o(.text)
    .text                                    0x08000164   Section       36  init.o(.text)
    .text                                    0x08000188   Section        0  __dczerorl2.o(.text)
    i.BusFault_Handler                       0x080001de   Section        0  stm32f10x_it.o(i.BusFault_Handler)
    i.DebugMon_Handler                       0x080001e2   Section        0  stm32f10x_it.o(i.DebugMon_Handler)
    i.GPIO_Init                              0x080001e4   Section        0  stm32f10x_gpio.o(i.GPIO_Init)
    i.HardFault_Handler                      0x080002fa   Section        0  stm32f10x_it.o(i.HardFault_Handler)
    i.MemManage_Handler                      0x080002fe   Section        0  stm32f10x_it.o(i.MemManage_Handler)
    i.NMI_Handler                            0x08000302   Section        0  stm32f10x_it.o(i.NMI_Handler)
    i.NVIC_Init                              0x08000304   Section        0  misc.o(i.NVIC_Init)
    i.NVIC_PriorityGroupConfig               0x08000374   Section        0  misc.o(i.NVIC_PriorityGroupConfig)
    i.PendSV_Handler                         0x08000388   Section        0  stm32f10x_it.o(i.PendSV_Handler)
    i.RCC_APB1PeriphClockCmd                 0x0800038c   Section        0  stm32f10x_rcc.o(i.RCC_APB1PeriphClockCmd)
    i.RCC_APB2PeriphClockCmd                 0x080003ac   Section        0  stm32f10x_rcc.o(i.RCC_APB2PeriphClockCmd)
    i.RCC_GetClocksFreq                      0x080003cc   Section        0  stm32f10x_rcc.o(i.RCC_GetClocksFreq)
    i.SVC_Handler                            0x080004a0   Section        0  stm32f10x_it.o(i.SVC_Handler)
    i.SetSysClock                            0x080004a2   Section        0  system_stm32f10x.o(i.SetSysClock)
    SetSysClock                              0x080004a3   Thumb Code     8  system_stm32f10x.o(i.SetSysClock)
    i.SetSysClockTo72                        0x080004ac   Section        0  system_stm32f10x.o(i.SetSysClockTo72)
    SetSysClockTo72                          0x080004ad   Thumb Code   214  system_stm32f10x.o(i.SetSysClockTo72)
    i.SysTick_CLKSourceConfig                0x0800058c   Section        0  misc.o(i.SysTick_CLKSourceConfig)
    i.SysTick_Handler                        0x080005b4   Section        0  stm32f10x_it.o(i.SysTick_Handler)
    i.SysTick_Init                           0x080005b8   Section        0  systick.o(i.SysTick_Init)
    i.SystemInit                             0x080005f4   Section        0  system_stm32f10x.o(i.SystemInit)
    i.USART1_IRQHandler                      0x08000654   Section        0  usart.o(i.USART1_IRQHandler)
    i.USART1_Init                            0x080006dc   Section        0  usart.o(i.USART1_Init)
    i.USART2_IRQHandler                      0x08000794   Section        0  usart.o(i.USART2_IRQHandler)
    i.USART2_Init                            0x08000848   Section        0  usart.o(i.USART2_Init)
    i.USART_ClearFlag                        0x08000900   Section        0  stm32f10x_usart.o(i.USART_ClearFlag)
    i.USART_ClearITPendingBit                0x08000912   Section        0  stm32f10x_usart.o(i.USART_ClearITPendingBit)
    i.USART_Cmd                              0x08000930   Section        0  stm32f10x_usart.o(i.USART_Cmd)
    i.USART_GetFlagStatus                    0x08000948   Section        0  stm32f10x_usart.o(i.USART_GetFlagStatus)
    i.USART_GetITStatus                      0x08000962   Section        0  stm32f10x_usart.o(i.USART_GetITStatus)
    i.USART_ITConfig                         0x080009b6   Section        0  stm32f10x_usart.o(i.USART_ITConfig)
    i.USART_Init                             0x08000a00   Section        0  stm32f10x_usart.o(i.USART_Init)
    i.USART_ReceiveData                      0x08000ad8   Section        0  stm32f10x_usart.o(i.USART_ReceiveData)
    i.USART_SendData                         0x08000ae2   Section        0  stm32f10x_usart.o(i.USART_SendData)
    i.UsageFault_Handler                     0x08000aea   Section        0  stm32f10x_it.o(i.UsageFault_Handler)
    i.Usart_SendArray                        0x08000aee   Section        0  usart.o(i.Usart_SendArray)
    i.Usart_SendByte                         0x08000b10   Section        0  usart.o(i.Usart_SendByte)
    i.__0printf$2                            0x08000b30   Section        0  printf2.o(i.__0printf$2)
    i.__scatterload_copy                     0x08000b50   Section       14  handlers.o(i.__scatterload_copy)
    i.__scatterload_null                     0x08000b5e   Section        2  handlers.o(i.__scatterload_null)
    i.__scatterload_zeroinit                 0x08000b60   Section       14  handlers.o(i.__scatterload_zeroinit)
    i._printf_core                           0x08000b6e   Section        0  printf2.o(i._printf_core)
    _printf_core                             0x08000b6f   Thumb Code   214  printf2.o(i._printf_core)
    i.delay_ms                               0x08000c44   Section        0  systick.o(i.delay_ms)
    i.esp8266_post_1                         0x08000c90   Section        0  esp8266.o(i.esp8266_post_1)
    i.esp8266_post_10                        0x08000cac   Section        0  esp8266.o(i.esp8266_post_10)
    i.esp8266_post_11                        0x08000cc8   Section        0  esp8266.o(i.esp8266_post_11)
    i.esp8266_post_12                        0x08000ce4   Section        0  esp8266.o(i.esp8266_post_12)
    i.esp8266_post_13                        0x08000d00   Section        0  esp8266.o(i.esp8266_post_13)
    i.esp8266_post_14                        0x08000d1c   Section        0  esp8266.o(i.esp8266_post_14)
    i.esp8266_post_15                        0x08000d38   Section        0  esp8266.o(i.esp8266_post_15)
    i.esp8266_post_16                        0x08000d54   Section        0  esp8266.o(i.esp8266_post_16)
    i.esp8266_post_17                        0x08000d70   Section        0  esp8266.o(i.esp8266_post_17)
    i.esp8266_post_18                        0x08000d8c   Section        0  esp8266.o(i.esp8266_post_18)
    i.esp8266_post_19                        0x08000da8   Section        0  esp8266.o(i.esp8266_post_19)
    i.esp8266_post_2                         0x08000dc4   Section        0  esp8266.o(i.esp8266_post_2)
    i.esp8266_post_20                        0x08000de0   Section        0  esp8266.o(i.esp8266_post_20)
    i.esp8266_post_21                        0x08000dfc   Section        0  esp8266.o(i.esp8266_post_21)
    i.esp8266_post_22                        0x08000e18   Section        0  esp8266.o(i.esp8266_post_22)
    i.esp8266_post_3                         0x08000e34   Section        0  esp8266.o(i.esp8266_post_3)
    i.esp8266_post_4                         0x08000e50   Section        0  esp8266.o(i.esp8266_post_4)
    i.esp8266_post_5                         0x08000e6c   Section        0  esp8266.o(i.esp8266_post_5)
    i.esp8266_post_6                         0x08000e88   Section        0  esp8266.o(i.esp8266_post_6)
    i.esp8266_post_7                         0x08000ea4   Section        0  esp8266.o(i.esp8266_post_7)
    i.esp8266_post_8                         0x08000ec0   Section        0  esp8266.o(i.esp8266_post_8)
    i.esp8266_post_9                         0x08000edc   Section        0  esp8266.o(i.esp8266_post_9)
    i.esp8266_start_post                     0x08000ef8   Section        0  esp8266.o(i.esp8266_start_post)
    i.fputc                                  0x08001014   Section        0  usart.o(i.fputc)
    i.main                                   0x08001038   Section        0  main.o(i.main)
    .conststring                             0x080013a4   Section     2762  esp8266.o(.conststring)
    .data                                    0x20000000   Section      369  main.o(.data)
    .data                                    0x20000171   Section       20  stm32f10x_rcc.o(.data)
    APBAHBPrescTable                         0x20000171   Data          16  stm32f10x_rcc.o(.data)
    ADCPrescTable                            0x20000181   Data           4  stm32f10x_rcc.o(.data)
    .data                                    0x20000186   Section        4  systick.o(.data)
    fac_us                                   0x20000186   Data           1  systick.o(.data)
    fac_ms                                   0x20000188   Data           2  systick.o(.data)
    .data                                    0x2000018a   Section        5  usart.o(.data)
    Rxstate                                  0x2000018d   Data           1  usart.o(.data)
    pRxPacket                                0x2000018e   Data           1  usart.o(.data)
    .data                                    0x20000190   Section        4  stdout.o(.data)
    .bss                                     0x20000194   Section       16  main.o(.bss)
    .bss                                     0x200001a4   Section      200  usart.o(.bss)
    STACK                                    0x20000270   Section     1024  startup_stm32f10x_ld.o(STACK)

    Global Symbols

    Symbol Name                              Value     Ov Type        Size  Object(Section)

    BuildAttributes$$THM_ISAv4$P$D$K$B$S$PE$A:L22UL41UL21$X:L11$S22US41US21$IEEE1$IW$USESV6$~STKCKD$USESV7$~SHL$OSPACE$ROPI$EBA8$MICROLIB$REQ8$PRES8$EABIv2 0x00000000   Number         0  anon$$obj.o ABSOLUTE
    __ARM_use_no_argv                        0x00000000   Number         0  main.o ABSOLUTE
    _printf_a                                0x00000000   Number         0  stubs.o ABSOLUTE
    _printf_c                                0x00000000   Number         0  stubs.o ABSOLUTE
    _printf_charcount                        0x00000000   Number         0  stubs.o ABSOLUTE
    _printf_d                                0x00000000   Number         0  stubs.o ABSOLUTE
    _printf_e                                0x00000000   Number         0  stubs.o ABSOLUTE
    _printf_f                                0x00000000   Number         0  stubs.o ABSOLUTE
    _printf_flags                            0x00000000   Number         0  stubs.o ABSOLUTE
    _printf_fp_dec                           0x00000000   Number         0  stubs.o ABSOLUTE
    _printf_fp_hex                           0x00000000   Number         0  stubs.o ABSOLUTE
    _printf_g                                0x00000000   Number         0  stubs.o ABSOLUTE
    _printf_i                                0x00000000   Number         0  stubs.o ABSOLUTE
    _printf_int_dec                          0x00000000   Number         0  stubs.o ABSOLUTE
    _printf_l                                0x00000000   Number         0  stubs.o ABSOLUTE
    _printf_lc                               0x00000000   Number         0  stubs.o ABSOLUTE
    _printf_ll                               0x00000000   Number         0  stubs.o ABSOLUTE
    _printf_lld                              0x00000000   Number         0  stubs.o ABSOLUTE
    _printf_lli                              0x00000000   Number         0  stubs.o ABSOLUTE
    _printf_llo                              0x00000000   Number         0  stubs.o ABSOLUTE
    _printf_llu                              0x00000000   Number         0  stubs.o ABSOLUTE
    _printf_llx                              0x00000000   Number         0  stubs.o ABSOLUTE
    _printf_longlong_dec                     0x00000000   Number         0  stubs.o ABSOLUTE
    _printf_longlong_hex                     0x00000000   Number         0  stubs.o ABSOLUTE
    _printf_longlong_oct                     0x00000000   Number         0  stubs.o ABSOLUTE
    _printf_ls                               0x00000000   Number         0  stubs.o ABSOLUTE
    _printf_mbtowc                           0x00000000   Number         0  stubs.o ABSOLUTE
    _printf_n                                0x00000000   Number         0  stubs.o ABSOLUTE
    _printf_o                                0x00000000   Number         0  stubs.o ABSOLUTE
    _printf_p                                0x00000000   Number         0  stubs.o ABSOLUTE
    _printf_percent                          0x00000000   Number         0  stubs.o ABSOLUTE
    _printf_pre_padding                      0x00000000   Number         0  stubs.o ABSOLUTE
    _printf_return_value                     0x00000000   Number         0  stubs.o ABSOLUTE
    _printf_s                                0x00000000   Number         0  stubs.o ABSOLUTE
    _printf_sizespec                         0x00000000   Number         0  stubs.o ABSOLUTE
    _printf_str                              0x00000000   Number         0  stubs.o ABSOLUTE
    _printf_truncate_signed                  0x00000000   Number         0  stubs.o ABSOLUTE
    _printf_truncate_unsigned                0x00000000   Number         0  stubs.o ABSOLUTE
    _printf_u                                0x00000000   Number         0  stubs.o ABSOLUTE
    _printf_wc                               0x00000000   Number         0  stubs.o ABSOLUTE
    _printf_wctomb                           0x00000000   Number         0  stubs.o ABSOLUTE
    _printf_widthprec                        0x00000000   Number         0  stubs.o ABSOLUTE
    _printf_x                                0x00000000   Number         0  stubs.o ABSOLUTE
    __cpp_initialize__aeabi_                  - Undefined Weak Reference
    __cxa_finalize                            - Undefined Weak Reference
    _clock_init                               - Undefined Weak Reference
    _microlib_exit                            - Undefined Weak Reference
    __Vectors_Size                           0x000000ec   Number         0  startup_stm32f10x_ld.o ABSOLUTE
    __Vectors                                0x08000000   Data           4  startup_stm32f10x_ld.o(RESET)
    __Vectors_End                            0x080000ec   Data           0  startup_stm32f10x_ld.o(RESET)
    __main                                   0x080000ed   Thumb Code     0  entry.o(.ARM.Collect$$$$00000000)
    _main_stk                                0x080000ed   Thumb Code     0  entry2.o(.ARM.Collect$$$$00000001)
    _main_scatterload                        0x080000f1   Thumb Code     0  entry5.o(.ARM.Collect$$$$00000004)
    __main_after_scatterload                 0x080000f5   Thumb Code     0  entry5.o(.ARM.Collect$$$$00000004)
    _main_clock                              0x080000f5   Thumb Code     0  entry7b.o(.ARM.Collect$$$$00000008)
    _main_cpp_init                           0x080000f5   Thumb Code     0  entry8b.o(.ARM.Collect$$$$0000000A)
    _main_init                               0x080000f5   Thumb Code     0  entry9a.o(.ARM.Collect$$$$0000000B)
    __rt_final_cpp                           0x080000fd   Thumb Code     0  entry10a.o(.ARM.Collect$$$$0000000D)
    __rt_final_exit                          0x080000fd   Thumb Code     0  entry11a.o(.ARM.Collect$$$$0000000F)
    Reset_Handler                            0x08000101   Thumb Code     8  startup_stm32f10x_ld.o(.text)
    ADC1_2_IRQHandler                        0x0800011b   Thumb Code     0  startup_stm32f10x_ld.o(.text)
    CAN1_RX1_IRQHandler                      0x0800011b   Thumb Code     0  startup_stm32f10x_ld.o(.text)
    CAN1_SCE_IRQHandler                      0x0800011b   Thumb Code     0  startup_stm32f10x_ld.o(.text)
    DMA1_Channel1_IRQHandler                 0x0800011b   Thumb Code     0  startup_stm32f10x_ld.o(.text)
    DMA1_Channel2_IRQHandler                 0x0800011b   Thumb Code     0  startup_stm32f10x_ld.o(.text)
    DMA1_Channel3_IRQHandler                 0x0800011b   Thumb Code     0  startup_stm32f10x_ld.o(.text)
    DMA1_Channel4_IRQHandler                 0x0800011b   Thumb Code     0  startup_stm32f10x_ld.o(.text)
    DMA1_Channel5_IRQHandler                 0x0800011b   Thumb Code     0  startup_stm32f10x_ld.o(.text)
    DMA1_Channel6_IRQHandler                 0x0800011b   Thumb Code     0  startup_stm32f10x_ld.o(.text)
    DMA1_Channel7_IRQHandler                 0x0800011b   Thumb Code     0  startup_stm32f10x_ld.o(.text)
    EXTI0_IRQHandler                         0x0800011b   Thumb Code     0  startup_stm32f10x_ld.o(.text)
    EXTI15_10_IRQHandler                     0x0800011b   Thumb Code     0  startup_stm32f10x_ld.o(.text)
    EXTI1_IRQHandler                         0x0800011b   Thumb Code     0  startup_stm32f10x_ld.o(.text)
    EXTI2_IRQHandler                         0x0800011b   Thumb Code     0  startup_stm32f10x_ld.o(.text)
    EXTI3_IRQHandler                         0x0800011b   Thumb Code     0  startup_stm32f10x_ld.o(.text)
    EXTI4_IRQHandler                         0x0800011b   Thumb Code     0  startup_stm32f10x_ld.o(.text)
    EXTI9_5_IRQHandler                       0x0800011b   Thumb Code     0  startup_stm32f10x_ld.o(.text)
    FLASH_IRQHandler                         0x0800011b   Thumb Code     0  startup_stm32f10x_ld.o(.text)
    I2C1_ER_IRQHandler                       0x0800011b   Thumb Code     0  startup_stm32f10x_ld.o(.text)
    I2C1_EV_IRQHandler                       0x0800011b   Thumb Code     0  startup_stm32f10x_ld.o(.text)
    PVD_IRQHandler                           0x0800011b   Thumb Code     0  startup_stm32f10x_ld.o(.text)
    RCC_IRQHandler                           0x0800011b   Thumb Code     0  startup_stm32f10x_ld.o(.text)
    RTCAlarm_IRQHandler                      0x0800011b   Thumb Code     0  startup_stm32f10x_ld.o(.text)
    RTC_IRQHandler                           0x0800011b   Thumb Code     0  startup_stm32f10x_ld.o(.text)
    SPI1_IRQHandler                          0x0800011b   Thumb Code     0  startup_stm32f10x_ld.o(.text)
    TAMPER_IRQHandler                        0x0800011b   Thumb Code     0  startup_stm32f10x_ld.o(.text)
    TIM1_BRK_IRQHandler                      0x0800011b   Thumb Code     0  startup_stm32f10x_ld.o(.text)
    TIM1_CC_IRQHandler                       0x0800011b   Thumb Code     0  startup_stm32f10x_ld.o(.text)
    TIM1_TRG_COM_IRQHandler                  0x0800011b   Thumb Code     0  startup_stm32f10x_ld.o(.text)
    TIM1_UP_IRQHandler                       0x0800011b   Thumb Code     0  startup_stm32f10x_ld.o(.text)
    TIM2_IRQHandler                          0x0800011b   Thumb Code     0  startup_stm32f10x_ld.o(.text)
    TIM3_IRQHandler                          0x0800011b   Thumb Code     0  startup_stm32f10x_ld.o(.text)
    USBWakeUp_IRQHandler                     0x0800011b   Thumb Code     0  startup_stm32f10x_ld.o(.text)
    USB_HP_CAN1_TX_IRQHandler                0x0800011b   Thumb Code     0  startup_stm32f10x_ld.o(.text)
    USB_LP_CAN1_RX0_IRQHandler               0x0800011b   Thumb Code     0  startup_stm32f10x_ld.o(.text)
    WWDG_IRQHandler                          0x0800011b   Thumb Code     0  startup_stm32f10x_ld.o(.text)
    __aeabi_memset                           0x08000125   Thumb Code    14  memseta.o(.text)
    __aeabi_memset4                          0x08000125   Thumb Code     0  memseta.o(.text)
    __aeabi_memset8                          0x08000125   Thumb Code     0  memseta.o(.text)
    __aeabi_memclr                           0x08000133   Thumb Code     4  memseta.o(.text)
    __aeabi_memclr4                          0x08000133   Thumb Code     0  memseta.o(.text)
    __aeabi_memclr8                          0x08000133   Thumb Code     0  memseta.o(.text)
    _memset$wrapper                          0x08000137   Thumb Code    18  memseta.o(.text)
    memcmp                                   0x08000149   Thumb Code    26  memcmp.o(.text)
    __scatterload                            0x08000165   Thumb Code    28  init.o(.text)
    __scatterload_rt2                        0x08000165   Thumb Code     0  init.o(.text)
    __decompress                             0x08000189   Thumb Code     0  __dczerorl2.o(.text)
    __decompress1                            0x08000189   Thumb Code    86  __dczerorl2.o(.text)
    BusFault_Handler                         0x080001df   Thumb Code     4  stm32f10x_it.o(i.BusFault_Handler)
    DebugMon_Handler                         0x080001e3   Thumb Code     2  stm32f10x_it.o(i.DebugMon_Handler)
    GPIO_Init                                0x080001e5   Thumb Code   278  stm32f10x_gpio.o(i.GPIO_Init)
    HardFault_Handler                        0x080002fb   Thumb Code     4  stm32f10x_it.o(i.HardFault_Handler)
    MemManage_Handler                        0x080002ff   Thumb Code     4  stm32f10x_it.o(i.MemManage_Handler)
    NMI_Handler                              0x08000303   Thumb Code     2  stm32f10x_it.o(i.NMI_Handler)
    NVIC_Init                                0x08000305   Thumb Code   100  misc.o(i.NVIC_Init)
    NVIC_PriorityGroupConfig                 0x08000375   Thumb Code    10  misc.o(i.NVIC_PriorityGroupConfig)
    PendSV_Handler                           0x08000389   Thumb Code     2  stm32f10x_it.o(i.PendSV_Handler)
    RCC_APB1PeriphClockCmd                   0x0800038d   Thumb Code    26  stm32f10x_rcc.o(i.RCC_APB1PeriphClockCmd)
    RCC_APB2PeriphClockCmd                   0x080003ad   Thumb Code    26  stm32f10x_rcc.o(i.RCC_APB2PeriphClockCmd)
    RCC_GetClocksFreq                        0x080003cd   Thumb Code   192  stm32f10x_rcc.o(i.RCC_GetClocksFreq)
    SVC_Handler                              0x080004a1   Thumb Code     2  stm32f10x_it.o(i.SVC_Handler)
    SysTick_CLKSourceConfig                  0x0800058d   Thumb Code    40  misc.o(i.SysTick_CLKSourceConfig)
    SysTick_Handler                          0x080005b5   Thumb Code     2  stm32f10x_it.o(i.SysTick_Handler)
    SysTick_Init                             0x080005b9   Thumb Code    52  systick.o(i.SysTick_Init)
    SystemInit                               0x080005f5   Thumb Code    78  system_stm32f10x.o(i.SystemInit)
    USART1_IRQHandler                        0x08000655   Thumb Code   122  usart.o(i.USART1_IRQHandler)
    USART1_Init                              0x080006dd   Thumb Code   176  usart.o(i.USART1_Init)
    USART2_IRQHandler                        0x08000795   Thumb Code   150  usart.o(i.USART2_IRQHandler)
    USART2_Init                              0x08000849   Thumb Code   176  usart.o(i.USART2_Init)
    USART_ClearFlag                          0x08000901   Thumb Code    18  stm32f10x_usart.o(i.USART_ClearFlag)
    USART_ClearITPendingBit                  0x08000913   Thumb Code    30  stm32f10x_usart.o(i.USART_ClearITPendingBit)
    USART_Cmd                                0x08000931   Thumb Code    24  stm32f10x_usart.o(i.USART_Cmd)
    USART_GetFlagStatus                      0x08000949   Thumb Code    26  stm32f10x_usart.o(i.USART_GetFlagStatus)
    USART_GetITStatus                        0x08000963   Thumb Code    84  stm32f10x_usart.o(i.USART_GetITStatus)
    USART_ITConfig                           0x080009b7   Thumb Code    74  stm32f10x_usart.o(i.USART_ITConfig)
    USART_Init                               0x08000a01   Thumb Code   210  stm32f10x_usart.o(i.USART_Init)
    USART_ReceiveData                        0x08000ad9   Thumb Code    10  stm32f10x_usart.o(i.USART_ReceiveData)
    USART_SendData                           0x08000ae3   Thumb Code     8  stm32f10x_usart.o(i.USART_SendData)
    UsageFault_Handler                       0x08000aeb   Thumb Code     4  stm32f10x_it.o(i.UsageFault_Handler)
    Usart_SendArray                          0x08000aef   Thumb Code    34  usart.o(i.Usart_SendArray)
    Usart_SendByte                           0x08000b11   Thumb Code    30  usart.o(i.Usart_SendByte)
    __0printf$2                              0x08000b31   Thumb Code    22  printf2.o(i.__0printf$2)
    __1printf$2                              0x08000b31   Thumb Code     0  printf2.o(i.__0printf$2)
    __2printf                                0x08000b31   Thumb Code     0  printf2.o(i.__0printf$2)
    __scatterload_copy                       0x08000b51   Thumb Code    14  handlers.o(i.__scatterload_copy)
    __scatterload_null                       0x08000b5f   Thumb Code     2  handlers.o(i.__scatterload_null)
    __scatterload_zeroinit                   0x08000b61   Thumb Code    14  handlers.o(i.__scatterload_zeroinit)
    delay_ms                                 0x08000c45   Thumb Code    72  systick.o(i.delay_ms)
    esp8266_post_1                           0x08000c91   Thumb Code    18  esp8266.o(i.esp8266_post_1)
    esp8266_post_10                          0x08000cad   Thumb Code    18  esp8266.o(i.esp8266_post_10)
    esp8266_post_11                          0x08000cc9   Thumb Code    18  esp8266.o(i.esp8266_post_11)
    esp8266_post_12                          0x08000ce5   Thumb Code    18  esp8266.o(i.esp8266_post_12)
    esp8266_post_13                          0x08000d01   Thumb Code    18  esp8266.o(i.esp8266_post_13)
    esp8266_post_14                          0x08000d1d   Thumb Code    18  esp8266.o(i.esp8266_post_14)
    esp8266_post_15                          0x08000d39   Thumb Code    18  esp8266.o(i.esp8266_post_15)
    esp8266_post_16                          0x08000d55   Thumb Code    18  esp8266.o(i.esp8266_post_16)
    esp8266_post_17                          0x08000d71   Thumb Code    18  esp8266.o(i.esp8266_post_17)
    esp8266_post_18                          0x08000d8d   Thumb Code    18  esp8266.o(i.esp8266_post_18)
    esp8266_post_19                          0x08000da9   Thumb Code    18  esp8266.o(i.esp8266_post_19)
    esp8266_post_2                           0x08000dc5   Thumb Code    18  esp8266.o(i.esp8266_post_2)
    esp8266_post_20                          0x08000de1   Thumb Code    18  esp8266.o(i.esp8266_post_20)
    esp8266_post_21                          0x08000dfd   Thumb Code    18  esp8266.o(i.esp8266_post_21)
    esp8266_post_22                          0x08000e19   Thumb Code    18  esp8266.o(i.esp8266_post_22)
    esp8266_post_3                           0x08000e35   Thumb Code    18  esp8266.o(i.esp8266_post_3)
    esp8266_post_4                           0x08000e51   Thumb Code    18  esp8266.o(i.esp8266_post_4)
    esp8266_post_5                           0x08000e6d   Thumb Code    18  esp8266.o(i.esp8266_post_5)
    esp8266_post_6                           0x08000e89   Thumb Code    18  esp8266.o(i.esp8266_post_6)
    esp8266_post_7                           0x08000ea5   Thumb Code    18  esp8266.o(i.esp8266_post_7)
    esp8266_post_8                           0x08000ec1   Thumb Code    18  esp8266.o(i.esp8266_post_8)
    esp8266_post_9                           0x08000edd   Thumb Code    18  esp8266.o(i.esp8266_post_9)
    esp8266_start_post                       0x08000ef9   Thumb Code   144  esp8266.o(i.esp8266_start_post)
    fputc                                    0x08001015   Thumb Code    32  usart.o(i.fputc)
    main                                     0x08001039   Thumb Code   766  main.o(i.main)
    Region$$Table$$Base                      0x08001e70   Number         0  anon$$obj.o(Region$$Table)
    Region$$Table$$Limit                     0x08001e90   Number         0  anon$$obj.o(Region$$Table)
    j                                        0x20000000   Data           4  main.o(.data)
    ret                                      0x20000004   Data           4  main.o(.data)
    data_ready_to_send                       0x20000008   Data           1  main.o(.data)
    send_data                                0x20000009   Data           8  main.o(.data)
    receive_data1                            0x20000011   Data          16  main.o(.data)
    receive_data2                            0x20000021   Data          16  main.o(.data)
    receive_data3                            0x20000031   Data          16  main.o(.data)
    receive_data4                            0x20000041   Data          16  main.o(.data)
    receive_data5                            0x20000051   Data          16  main.o(.data)
    receive_data6                            0x20000061   Data          16  main.o(.data)
    receive_data7                            0x20000071   Data          16  main.o(.data)
    receive_data8                            0x20000081   Data          16  main.o(.data)
    receive_data9                            0x20000091   Data          16  main.o(.data)
    receive_data10                           0x200000a1   Data          16  main.o(.data)
    receive_data11                           0x200000b1   Data          16  main.o(.data)
    receive_data12                           0x200000c1   Data          16  main.o(.data)
    receive_data13                           0x200000d1   Data          16  main.o(.data)
    receive_data14                           0x200000e1   Data          16  main.o(.data)
    receive_data15                           0x200000f1   Data          16  main.o(.data)
    receive_data16                           0x20000101   Data          16  main.o(.data)
    receive_data17                           0x20000111   Data          16  main.o(.data)
    receive_data18                           0x20000121   Data          16  main.o(.data)
    receive_data19                           0x20000131   Data          16  main.o(.data)
    receive_data20                           0x20000141   Data          16  main.o(.data)
    receive_data21                           0x20000151   Data          16  main.o(.data)
    receive_data22                           0x20000161   Data          16  main.o(.data)
    USART_RX_STA                             0x2000018a   Data           2  usart.o(.data)
    USART2_RX_FLAG                           0x2000018c   Data           1  usart.o(.data)
    __stdout                                 0x20000190   Data           4  stdout.o(.data)
    USART2_RX_BUF                            0x20000194   Data          16  main.o(.bss)
    USART_RX_BUF                             0x200001a4   Data         200  usart.o(.bss)
    __initial_sp                             0x20000670   Data           0  startup_stm32f10x_ld.o(STACK)



==============================================================================

Memory Map of the image

  Image Entry point : 0x080000ed

  Load Region LR_IROM1 (Base: 0x08000000, Size: 0x00002024, Max: 0x00010000, ABSOLUTE, COMPRESSED[0x00001f2c])

    Execution Region ER_IROM1 (Base: 0x08000000, Size: 0x00001e90, Max: 0x00010000, ABSOLUTE)

    Base Addr    Size         Type   Attr      Idx    E Section Name        Object

    0x08000000   0x000000ec   Data   RO          215    RESET               startup_stm32f10x_ld.o
    0x080000ec   0x00000000   Code   RO         1680  * .ARM.Collect$$$$00000000  mc_w.l(entry.o)
    0x080000ec   0x00000004   Code   RO         1950    .ARM.Collect$$$$00000001  mc_w.l(entry2.o)
    0x080000f0   0x00000004   Code   RO         1953    .ARM.Collect$$$$00000004  mc_w.l(entry5.o)
    0x080000f4   0x00000000   Code   RO         1955    .ARM.Collect$$$$00000008  mc_w.l(entry7b.o)
    0x080000f4   0x00000000   Code   RO         1957    .ARM.Collect$$$$0000000A  mc_w.l(entry8b.o)
    0x080000f4   0x00000008   Code   RO         1958    .ARM.Collect$$$$0000000B  mc_w.l(entry9a.o)
    0x080000fc   0x00000000   Code   RO         1960    .ARM.Collect$$$$0000000D  mc_w.l(entry10a.o)
    0x080000fc   0x00000000   Code   RO         1962    .ARM.Collect$$$$0000000F  mc_w.l(entry11a.o)
    0x080000fc   0x00000004   Code   RO         1951    .ARM.Collect$$$$00002712  mc_w.l(entry2.o)
    0x08000100   0x00000024   Code   RO          216    .text               startup_stm32f10x_ld.o
    0x08000124   0x00000024   Code   RO         1683    .text               mc_w.l(memseta.o)
    0x08000148   0x0000001a   Code   RO         1687    .text               mc_w.l(memcmp.o)
    0x08000162   0x00000002   PAD
    0x08000164   0x00000024   Code   RO         1980    .text               mc_w.l(init.o)
    0x08000188   0x00000056   Code   RO         1998    .text               mc_w.l(__dczerorl2.o)
    0x080001de   0x00000004   Code   RO          128    i.BusFault_Handler  stm32f10x_it.o
    0x080001e2   0x00000002   Code   RO          129    i.DebugMon_Handler  stm32f10x_it.o
    0x080001e4   0x00000116   Code   RO          227    i.GPIO_Init         stm32f10x_gpio.o
    0x080002fa   0x00000004   Code   RO          130    i.HardFault_Handler  stm32f10x_it.o
    0x080002fe   0x00000004   Code   RO          131    i.MemManage_Handler  stm32f10x_it.o
    0x08000302   0x00000002   Code   RO          132    i.NMI_Handler       stm32f10x_it.o
    0x08000304   0x00000070   Code   RO          535    i.NVIC_Init         misc.o
    0x08000374   0x00000014   Code   RO          536    i.NVIC_PriorityGroupConfig  misc.o
    0x08000388   0x00000002   Code   RO          133    i.PendSV_Handler    stm32f10x_it.o
    0x0800038a   0x00000002   PAD
    0x0800038c   0x00000020   Code   RO          337    i.RCC_APB1PeriphClockCmd  stm32f10x_rcc.o
    0x080003ac   0x00000020   Code   RO          339    i.RCC_APB2PeriphClockCmd  stm32f10x_rcc.o
    0x080003cc   0x000000d4   Code   RO          347    i.RCC_GetClocksFreq  stm32f10x_rcc.o
    0x080004a0   0x00000002   Code   RO          134    i.SVC_Handler       stm32f10x_it.o
    0x080004a2   0x00000008   Code   RO         1353    i.SetSysClock       system_stm32f10x.o
    0x080004aa   0x00000002   PAD
    0x080004ac   0x000000e0   Code   RO         1354    i.SetSysClockTo72   system_stm32f10x.o
    0x0800058c   0x00000028   Code   RO          539    i.SysTick_CLKSourceConfig  misc.o
    0x080005b4   0x00000002   Code   RO          135    i.SysTick_Handler   stm32f10x_it.o
    0x080005b6   0x00000002   PAD
    0x080005b8   0x0000003c   Code   RO         1583    i.SysTick_Init      systick.o
    0x080005f4   0x00000060   Code   RO         1356    i.SystemInit        system_stm32f10x.o
    0x08000654   0x00000088   Code   RO         1613    i.USART1_IRQHandler  usart.o
    0x080006dc   0x000000b8   Code   RO         1614    i.USART1_Init       usart.o
    0x08000794   0x000000b4   Code   RO         1615    i.USART2_IRQHandler  usart.o
    0x08000848   0x000000b8   Code   RO         1616    i.USART2_Init       usart.o
    0x08000900   0x00000012   Code   RO         1173    i.USART_ClearFlag   stm32f10x_usart.o
    0x08000912   0x0000001e   Code   RO         1174    i.USART_ClearITPendingBit  stm32f10x_usart.o
    0x08000930   0x00000018   Code   RO         1177    i.USART_Cmd         stm32f10x_usart.o
    0x08000948   0x0000001a   Code   RO         1180    i.USART_GetFlagStatus  stm32f10x_usart.o
    0x08000962   0x00000054   Code   RO         1181    i.USART_GetITStatus  stm32f10x_usart.o
    0x080009b6   0x0000004a   Code   RO         1183    i.USART_ITConfig    stm32f10x_usart.o
    0x08000a00   0x000000d8   Code   RO         1184    i.USART_Init        stm32f10x_usart.o
    0x08000ad8   0x0000000a   Code   RO         1191    i.USART_ReceiveData  stm32f10x_usart.o
    0x08000ae2   0x00000008   Code   RO         1194    i.USART_SendData    stm32f10x_usart.o
    0x08000aea   0x00000004   Code   RO          136    i.UsageFault_Handler  stm32f10x_it.o
    0x08000aee   0x00000022   Code   RO         1617    i.Usart_SendArray   usart.o
    0x08000b10   0x0000001e   Code   RO         1618    i.Usart_SendByte    usart.o
    0x08000b2e   0x00000002   PAD
    0x08000b30   0x00000020   Code   RO         1756    i.__0printf$2       mc_w.l(printf2.o)
    0x08000b50   0x0000000e   Code   RO         1992    i.__scatterload_copy  mc_w.l(handlers.o)
    0x08000b5e   0x00000002   Code   RO         1993    i.__scatterload_null  mc_w.l(handlers.o)
    0x08000b60   0x0000000e   Code   RO         1994    i.__scatterload_zeroinit  mc_w.l(handlers.o)
    0x08000b6e   0x000000d6   Code   RO         1763    i._printf_core      mc_w.l(printf2.o)
    0x08000c44   0x0000004c   Code   RO         1584    i.delay_ms          systick.o
    0x08000c90   0x0000001c   Code   RO         1398    i.esp8266_post_1    esp8266.o
    0x08000cac   0x0000001c   Code   RO         1399    i.esp8266_post_10   esp8266.o
    0x08000cc8   0x0000001c   Code   RO         1400    i.esp8266_post_11   esp8266.o
    0x08000ce4   0x0000001c   Code   RO         1401    i.esp8266_post_12   esp8266.o
    0x08000d00   0x0000001c   Code   RO         1402    i.esp8266_post_13   esp8266.o
    0x08000d1c   0x0000001c   Code   RO         1403    i.esp8266_post_14   esp8266.o
    0x08000d38   0x0000001c   Code   RO         1404    i.esp8266_post_15   esp8266.o
    0x08000d54   0x0000001c   Code   RO         1405    i.esp8266_post_16   esp8266.o
    0x08000d70   0x0000001c   Code   RO         1406    i.esp8266_post_17   esp8266.o
    0x08000d8c   0x0000001c   Code   RO         1407    i.esp8266_post_18   esp8266.o
    0x08000da8   0x0000001c   Code   RO         1408    i.esp8266_post_19   esp8266.o
    0x08000dc4   0x0000001c   Code   RO         1409    i.esp8266_post_2    esp8266.o
    0x08000de0   0x0000001c   Code   RO         1410    i.esp8266_post_20   esp8266.o
    0x08000dfc   0x0000001c   Code   RO         1411    i.esp8266_post_21   esp8266.o
    0x08000e18   0x0000001c   Code   RO         1412    i.esp8266_post_22   esp8266.o
    0x08000e34   0x0000001c   Code   RO         1413    i.esp8266_post_3    esp8266.o
    0x08000e50   0x0000001c   Code   RO         1414    i.esp8266_post_4    esp8266.o
    0x08000e6c   0x0000001c   Code   RO         1415    i.esp8266_post_5    esp8266.o
    0x08000e88   0x0000001c   Code   RO         1416    i.esp8266_post_6    esp8266.o
    0x08000ea4   0x0000001c   Code   RO         1417    i.esp8266_post_7    esp8266.o
    0x08000ec0   0x0000001c   Code   RO         1418    i.esp8266_post_8    esp8266.o
    0x08000edc   0x0000001c   Code   RO         1419    i.esp8266_post_9    esp8266.o
    0x08000ef8   0x0000011c   Code   RO         1421    i.esp8266_start_post  esp8266.o
    0x08001014   0x00000024   Code   RO         1619    i.fputc             usart.o
    0x08001038   0x0000036c   Code   RO            1    i.main              main.o
    0x080013a4   0x00000aca   Data   RO         1423    .conststring        esp8266.o
    0x08001e6e   0x00000002   PAD
    0x08001e70   0x00000020   Data   RO         1990    Region$$Table       anon$$obj.o


    Execution Region RW_IRAM1 (Base: 0x20000000, Size: 0x00000670, Max: 0x00005000, ABSOLUTE, COMPRESSED[0x0000009c])

    Base Addr    Size         Type   Attr      Idx    E Section Name        Object

    0x20000000   0x00000171   Data   RW            3    .data               main.o
    0x20000171   0x00000014   Data   RW          367    .data               stm32f10x_rcc.o
    0x20000185   0x00000001   PAD
    0x20000186   0x00000004   Data   RW         1586    .data               systick.o
    0x2000018a   0x00000005   Data   RW         1621    .data               usart.o
    0x2000018f   0x00000001   PAD
    0x20000190   0x00000004   Data   RW         1964    .data               mc_w.l(stdout.o)
    0x20000194   0x00000010   Zero   RW            2    .bss                main.o
    0x200001a4   0x000000c8   Zero   RW         1620    .bss                usart.o
    0x2000026c   0x00000004   PAD
    0x20000270   0x00000400   Zero   RW          213    STACK               startup_stm32f10x_ld.o


==============================================================================

Image component sizes


      Code (inc. data)   RO Data    RW Data    ZI Data      Debug   Object Name

       900        360       2762          0          0      10080   esp8266.o
       876        110          0        369         16     235235   main.o
       172         22          0          0          0       2129   misc.o
        36          8        236          0       1024        816   startup_stm32f10x_ld.o
       278          0          0          0          0       1992   stm32f10x_gpio.o
        26          0          0          0          0       3586   stm32f10x_it.o
       276         32          0         20          0       4506   stm32f10x_rcc.o
       490          6          0          0          0       7433   stm32f10x_usart.o
       328         28          0          0          0       1841   system_stm32f10x.o
       136         12          0          4          0       1114   systick.o
       784         64          0          5        200       4626   usart.o

    ----------------------------------------------------------------------
      4310        642       3032        400       1244     273358   Object Totals
         0          0         32          0          0          0   (incl. Generated)
         8          0          2          2          4          0   (incl. Padding)

    ----------------------------------------------------------------------

      Code (inc. data)   RO Data    RW Data    ZI Data      Debug   Library Member Name

        86          0          0          0          0          0   __dczerorl2.o
         0          0          0          0          0          0   entry.o
         0          0          0          0          0          0   entry10a.o
         0          0          0          0          0          0   entry11a.o
         8          4          0          0          0          0   entry2.o
         4          0          0          0          0          0   entry5.o
         0          0          0          0          0          0   entry7b.o
         0          0          0          0          0          0   entry8b.o
         8          4          0          0          0          0   entry9a.o
        30          0          0          0          0          0   handlers.o
        36          8          0          0          0         68   init.o
        26          0          0          0          0         80   memcmp.o
        36          0          0          0          0        108   memseta.o
       246         10          0          0          0        176   printf2.o
         0          0          0          4          0          0   stdout.o

    ----------------------------------------------------------------------
       482         26          0          4          0        432   Library Totals
         2          0          0          0          0          0   (incl. Padding)

    ----------------------------------------------------------------------

      Code (inc. data)   RO Data    RW Data    ZI Data      Debug   Library Name

       480         26          0          4          0        432   mc_w.l

    ----------------------------------------------------------------------
       482         26          0          4          0        432   Library Totals

    ----------------------------------------------------------------------

==============================================================================


      Code (inc. data)   RO Data    RW Data    ZI Data      Debug   

      4792        668       3032        404       1244     270902   Grand Totals
      4792        668       3032        156       1244     270902   ELF Image Totals (compressed)
      4792        668       3032        156          0          0   ROM Totals

==============================================================================

    Total RO  Size (Code + RO Data)                 7824 (   7.64kB)
    Total RW  Size (RW Data + ZI Data)              1648 (   1.61kB)
    Total ROM Size (Code + RO Data + RW Data)       7980 (   7.79kB)

==============================================================================

