<html>
<body>
<pre>
<h1>礦ision Build Log</h1>
<h2>Tool Versions:</h2>
IDE-Version: μVision V5.14.0.0
Copyright (C) 2015 ARM Ltd and ARM Germany GmbH. All rights reserved.
License Information: DELL,  , LIC=X96CK-ZI816-FWA2N-Y52KA-SV4Y2-NN1LR
 
Tool Versions:
Toolchain:       MDK-ARM Standard  Version: 5.14.0.0
Toolchain Path:  C:\Keil_v5\ARM\ARMCC\Bin
C Compiler:      Armcc.exe V5.05 update 1 (build 106)
Assembler:       Armasm.exe V5.05 update 1 (build 106)
Linker/Locator:  ArmLink.exe V5.05 update 1 (build 106)
Library Manager: ArmAr.exe V5.05 update 1 (build 106)
Hex Converter:   FromElf.exe V5.05 update 1 (build 106)
CPU DLL:         SARMCM3.DLL V5.14.0.0
Dialog DLL:      DCM.DLL V1.13.1.0
Target DLL:      STLink\ST-LINKIII-KEIL_SWO.dll V2.0.14.0_KEIL
Dialog DLL:      TCM.DLL V1.14.4.0
 
<h2>Project:</h2>
C:\Users\DELL\Desktop\龙芯_地下车库\Template.uvprojx
Project File Date:  07/06/2024

<h2>Output:</h2>
Rebuild target 'Target 1'
compiling main.c...
User\main.c(51): warning:  #223-D: function "Usart_SendArray" declared implicitly
                                        Usart_SendArray(USART2, send_data, 8);
User\main.c(80): warning:  #223-D: function "esp8266_post_4" declared implicitly
                                                esp8266_post_4();
User\main.c(87): warning:  #223-D: function "esp8266_post_5" declared implicitly
                                                esp8266_post_5(); 
User\main.c(94): warning:  #223-D: function "esp8266_post_6" declared implicitly
                                                esp8266_post_6();
User\main.c(101): warning:  #223-D: function "esp8266_post_7" declared implicitly
                                                esp8266_post_7();
User\main.c(108): warning:  #223-D: function "esp8266_post_8" declared implicitly
                                                esp8266_post_8(); 
User\main.c(115): warning:  #223-D: function "esp8266_post_9" declared implicitly
                                                esp8266_post_9();
User\main.c(122): warning:  #223-D: function "esp8266_post_10" declared implicitly
                                                esp8266_post_10();
User\main.c(129): warning:  #223-D: function "esp8266_post_11" declared implicitly
                                                esp8266_post_11(); 
User\main.c(136): warning:  #223-D: function "esp8266_post_12" declared implicitly
                                                esp8266_post_12();
User\main.c(143): warning:  #223-D: function "esp8266_post_13" declared implicitly
                                                esp8266_post_13(); 
User\main.c(150): warning:  #223-D: function "esp8266_post_14" declared implicitly
                                                esp8266_post_14(); 
User\main.c(157): warning:  #223-D: function "esp8266_post_15" declared implicitly
                                                esp8266_post_15();
User\main.c(164): warning:  #223-D: function "esp8266_post_16" declared implicitly
                                                esp8266_post_16();
User\main.c(171): warning:  #223-D: function "esp8266_post_17" declared implicitly
                                                esp8266_post_17();
User\main.c(178): warning:  #223-D: function "esp8266_post_18" declared implicitly
                                                esp8266_post_18(); 
User\main.c(185): warning:  #223-D: function "esp8266_post_19" declared implicitly
                                                esp8266_post_19();
User\main.c(192): warning:  #223-D: function "esp8266_post_20" declared implicitly
                                                esp8266_post_20();
User\main.c(199): warning:  #223-D: function "esp8266_post_21" declared implicitly
                                                esp8266_post_21();
User\main.c(206): warning:  #223-D: function "esp8266_post_22" declared implicitly
                                                esp8266_post_22();
User\main.c: 20 warnings, 0 errors
compiling stm32f10x_it.c...
assembling startup_stm32f10x_ld.s...
compiling stm32f10x_gpio.c...
compiling stm32f10x_rcc.c...
compiling misc.c...
compiling stm32f10x_exti.c...
compiling stm32f10x_tim.c...
compiling stm32f10x_usart.c...
compiling system_stm32f10x.c...
compiling core_cm3.c...
compiling ESP8266.c...
compiling system.c...
compiling SysTick.c...
compiling usart.c...
linking...
Program Size: Code=4792 RO-data=3032 RW-data=404 ZI-data=1244  
FromELF: creating hex file...
".\Obj\Template.axf" - 0 Error(s), 20 Warning(s).

<h2>Collection of Component include folders:</h2>
  C:\Users\DELL\Desktop\龙芯_地下车库\RTE
  C:\Keil_v5\ARM\PACK\Keil\STM32F1xx_DFP\2.2.0

<h2>Collection of Component Files used:</h2>
</pre>
</body>
</html>
